Archive member included to satisfy reference by file (symbol)

D:/YueLu/projects/F103/Butterfly_Motor/cmake/stm32cubemx/../../Middlewares/ST/ARM/DSP/Lib/libarm_cortexM3l_math.a(arm_cos_f32.o)
                              CMakeFiles/Butterfly_Motor.dir/User/application/butterfly.c.obj (arm_cos_f32)
D:/YueLu/projects/F103/Butterfly_Motor/cmake/stm32cubemx/../../Middlewares/ST/ARM/DSP/Lib/libarm_cortexM3l_math.a(arm_common_tables.o)
                              D:/YueLu/projects/F103/Butterfly_Motor/cmake/stm32cubemx/../../Middlewares/ST/ARM/DSP/Lib/libarm_cortexM3l_math.a(arm_cos_f32.o) (sinTable_f32)
D:/stm32/config/arm-gnu-toolchain-14.3/bin/../lib/gcc/arm-none-eabi/14.3.1/thumb/v7-m/nofp\libgcc.a(_arm_mulsf3.o)
                              CMakeFiles/Butterfly_Motor.dir/User/application/butterfly.c.obj (__aeabi_fmul)
D:/stm32/config/arm-gnu-toolchain-14.3/bin/../lib/gcc/arm-none-eabi/14.3.1/thumb/v7-m/nofp\libgcc.a(_arm_addsubdf3.o)
                              CMakeFiles/Butterfly_Motor.dir/User/bsp/dwt.c.obj (__aeabi_ui2d)
D:/stm32/config/arm-gnu-toolchain-14.3/bin/../lib/gcc/arm-none-eabi/14.3.1/thumb/v7-m/nofp\libgcc.a(_arm_muldivdf3.o)
                              CMakeFiles/Butterfly_Motor.dir/User/bsp/dwt.c.obj (__aeabi_ddiv)
D:/stm32/config/arm-gnu-toolchain-14.3/bin/../lib/gcc/arm-none-eabi/14.3.1/thumb/v7-m/nofp\libgcc.a(_arm_truncdfsf2.o)
                              CMakeFiles/Butterfly_Motor.dir/User/bsp/dwt.c.obj (__aeabi_d2f)
D:/stm32/config/arm-gnu-toolchain-14.3/bin/../lib/gcc/arm-none-eabi/14.3.1/thumb/v7-m/nofp\libgcc.a(_arm_addsubsf3.o)
                              CMakeFiles/Butterfly_Motor.dir/User/application/butterfly.c.obj (__aeabi_fsub)
D:/stm32/config/arm-gnu-toolchain-14.3/bin/../lib/gcc/arm-none-eabi/14.3.1/thumb/v7-m/nofp\libgcc.a(_arm_muldivsf3.o)
                              CMakeFiles/Butterfly_Motor.dir/User/application/butterfly.c.obj (__aeabi_fdiv)
D:/stm32/config/arm-gnu-toolchain-14.3/bin/../lib/gcc/arm-none-eabi/14.3.1/thumb/v7-m/nofp\libgcc.a(_arm_cmpsf2.o)
                              CMakeFiles/Butterfly_Motor.dir/User/modules/motor.c.obj (__aeabi_fcmpeq)
D:/stm32/config/arm-gnu-toolchain-14.3/bin/../lib/gcc/arm-none-eabi/14.3.1/thumb/v7-m/nofp\libgcc.a(_arm_fixsfsi.o)
                              CMakeFiles/Butterfly_Motor.dir/User/modules/motor.c.obj (__aeabi_f2iz)
D:/stm32/config/arm-gnu-toolchain-14.3/bin/../lib/gcc/arm-none-eabi/14.3.1/thumb/v7-m/nofp\libgcc.a(_arm_fixunssfsi.o)
                              D:/YueLu/projects/F103/Butterfly_Motor/cmake/stm32cubemx/../../Middlewares/ST/ARM/DSP/Lib/libarm_cortexM3l_math.a(arm_cos_f32.o) (__aeabi_f2uiz)
D:/stm32/config/arm-gnu-toolchain-14.3/bin/../lib/gcc/arm-none-eabi/14.3.1/thumb/v7-m/nofp\libgcc.a(_aeabi_uldivmod.o)
                              CMakeFiles/Butterfly_Motor.dir/User/bsp/dwt.c.obj (__aeabi_uldivmod)
D:/stm32/config/arm-gnu-toolchain-14.3/bin/../lib/gcc/arm-none-eabi/14.3.1/thumb/v7-m/nofp\libgcc.a(_udivmoddi4.o)
                              D:/stm32/config/arm-gnu-toolchain-14.3/bin/../lib/gcc/arm-none-eabi/14.3.1/thumb/v7-m/nofp\libgcc.a(_aeabi_uldivmod.o) (__udivmoddi4)
D:/stm32/config/arm-gnu-toolchain-14.3/bin/../lib/gcc/arm-none-eabi/14.3.1/thumb/v7-m/nofp\libgcc.a(_dvmd_tls.o)
                              D:/stm32/config/arm-gnu-toolchain-14.3/bin/../lib/gcc/arm-none-eabi/14.3.1/thumb/v7-m/nofp\libgcc.a(_aeabi_uldivmod.o) (__aeabi_ldiv0)
D:/stm32/config/arm-gnu-toolchain-14.3/bin/../lib/gcc/arm-none-eabi/14.3.1/../../../../arm-none-eabi/lib/thumb/v7-m/nofp\libg_nano.a(libc_a-exit.o)
                              D:/stm32/config/arm-gnu-toolchain-14.3/bin/../lib/gcc/arm-none-eabi/14.3.1/../../../../arm-none-eabi/lib/thumb/v7-m/nofp/crt0.o (exit)
D:/stm32/config/arm-gnu-toolchain-14.3/bin/../lib/gcc/arm-none-eabi/14.3.1/../../../../arm-none-eabi/lib/thumb/v7-m/nofp\libg_nano.a(libc_a-malloc.o)
                              CMakeFiles/Butterfly_Motor.dir/User/modules/motor.c.obj (malloc)
D:/stm32/config/arm-gnu-toolchain-14.3/bin/../lib/gcc/arm-none-eabi/14.3.1/../../../../arm-none-eabi/lib/thumb/v7-m/nofp\libg_nano.a(libc_a-mallocr.o)
                              D:/stm32/config/arm-gnu-toolchain-14.3/bin/../lib/gcc/arm-none-eabi/14.3.1/../../../../arm-none-eabi/lib/thumb/v7-m/nofp\libg_nano.a(libc_a-malloc.o) (_malloc_r)
D:/stm32/config/arm-gnu-toolchain-14.3/bin/../lib/gcc/arm-none-eabi/14.3.1/../../../../arm-none-eabi/lib/thumb/v7-m/nofp\libg_nano.a(libc_a-mlock.o)
                              D:/stm32/config/arm-gnu-toolchain-14.3/bin/../lib/gcc/arm-none-eabi/14.3.1/../../../../arm-none-eabi/lib/thumb/v7-m/nofp\libg_nano.a(libc_a-mallocr.o) (__malloc_lock)
D:/stm32/config/arm-gnu-toolchain-14.3/bin/../lib/gcc/arm-none-eabi/14.3.1/../../../../arm-none-eabi/lib/thumb/v7-m/nofp\libg_nano.a(libc_a-findfp.o)
[...]
Memory Configuration

Name             Origin             Length             Attributes
RAM              0x20000000         0x00005000         xrw
FLASH            0x08000000         0x00010000         xr
*default*        0x00000000         0xffffffff

Linker script and memory map

LOAD D:/stm32/config/arm-gnu-toolchain-14.3/bin/../lib/gcc/arm-none-eabi/14.3.1/thumb/v7-m/nofp/crti.o
LOAD D:/stm32/config/arm-gnu-toolchain-14.3/bin/../lib/gcc/arm-none-eabi/14.3.1/thumb/v7-m/nofp/crtbegin.o
LOAD D:/stm32/config/arm-gnu-toolchain-14.3/bin/../lib/gcc/arm-none-eabi/14.3.1/../../../../arm-none-eabi/lib/thumb/v7-m/nofp/crt0.o
LOAD cmake/stm32cubemx/CMakeFiles/STM32_Drivers.dir/__/__/Core/Src/system_stm32f1xx.c.obj
LOAD cmake/stm32cubemx/CMakeFiles/STM32_Drivers.dir/__/__/Drivers/STM32F1xx_HAL_Driver/Src/stm32f1xx_hal_gpio_ex.c.obj
LOAD cmake/stm32cubemx/CMakeFiles/STM32_Drivers.dir/__/__/Drivers/STM32F1xx_HAL_Driver/Src/stm32f1xx_hal_tim.c.obj
LOAD cmake/stm32cubemx/CMakeFiles/STM32_Drivers.dir/__/__/Drivers/STM32F1xx_HAL_Driver/Src/stm32f1xx_hal_tim_ex.c.obj
LOAD cmake/stm32cubemx/CMakeFiles/STM32_Drivers.dir/__/__/Drivers/STM32F1xx_HAL_Driver/Src/stm32f1xx_hal_adc.c.obj
LOAD cmake/stm32cubemx/CMakeFiles/STM32_Drivers.dir/__/__/Drivers/STM32F1xx_HAL_Driver/Src/stm32f1xx_hal_adc_ex.c.obj
LOAD cmake/stm32cubemx/CMakeFiles/STM32_Drivers.dir/__/__/Drivers/STM32F1xx_HAL_Driver/Src/stm32f1xx_hal.c.obj
LOAD cmake/stm32cubemx/CMakeFiles/STM32_Drivers.dir/__/__/Drivers/STM32F1xx_HAL_Driver/Src/stm32f1xx_hal_rcc.c.obj
LOAD cmake/stm32cubemx/CMakeFiles/STM32_Drivers.dir/__/__/Drivers/STM32F1xx_HAL_Driver/Src/stm32f1xx_hal_rcc_ex.c.obj
LOAD cmake/stm32cubemx/CMakeFiles/STM32_Drivers.dir/__/__/Drivers/STM32F1xx_HAL_Driver/Src/stm32f1xx_hal_gpio.c.obj
LOAD cmake/stm32cubemx/CMakeFiles/STM32_Drivers.dir/__/__/Drivers/STM32F1xx_HAL_Driver/Src/stm32f1xx_hal_dma.c.obj
LOAD cmake/stm32cubemx/CMakeFiles/STM32_Drivers.dir/__/__/Drivers/STM32F1xx_HAL_Driver/Src/stm32f1xx_hal_cortex.c.obj
LOAD cmake/stm32cubemx/CMakeFiles/STM32_Drivers.dir/__/__/Drivers/STM32F1xx_HAL_Driver/Src/stm32f1xx_hal_pwr.c.obj
LOAD cmake/stm32cubemx/CMakeFiles/STM32_Drivers.dir/__/__/Drivers/STM32F1xx_HAL_Driver/Src/stm32f1xx_hal_flash.c.obj
LOAD cmake/stm32cubemx/CMakeFiles/STM32_Drivers.dir/__/__/Drivers/STM32F1xx_HAL_Driver/Src/stm32f1xx_hal_flash_ex.c.obj
LOAD cmake/stm32cubemx/CMakeFiles/STM32_Drivers.dir/__/__/Drivers/STM32F1xx_HAL_Driver/Src/stm32f1xx_hal_exti.c.obj
LOAD cmake/stm32cubemx/CMakeFiles/STM32_Drivers.dir/__/__/Drivers/STM32F1xx_HAL_Driver/Src/stm32f1xx_hal_uart.c.obj
LOAD cmake/stm32cubemx/CMakeFiles/FreeRTOS.dir/__/__/Middlewares/Third_Party/FreeRTOS/Source/croutine.c.obj
LOAD cmake/stm32cubemx/CMakeFiles/FreeRTOS.dir/__/__/Middlewares/Third_Party/FreeRTOS/Source/event_groups.c.obj
LOAD cmake/stm32cubemx/CMakeFiles/FreeRTOS.dir/__/__/Middlewares/Third_Party/FreeRTOS/Source/list.c.obj
LOAD cmake/stm32cubemx/CMakeFiles/FreeRTOS.dir/__/__/Middlewares/Third_Party/FreeRTOS/Source/queue.c.obj
LOAD cmake/stm32cubemx/CMakeFiles/FreeRTOS.dir/__/__/Middlewares/Third_Party/FreeRTOS/Source/stream_buffer.c.obj
LOAD cmake/stm32cubemx/CMakeFiles/FreeRTOS.dir/__/__/Middlewares/Third_Party/FreeRTOS/Source/tasks.c.obj
LOAD cmake/stm32cubemx/CMakeFiles/FreeRTOS.dir/__/__/Middlewares/Third_Party/FreeRTOS/Source/timers.c.obj
LOAD cmake/stm32cubemx/CMakeFiles/FreeRTOS.dir/__/__/Middlewares/Third_Party/FreeRTOS/Source/CMSIS_RTOS_V2/cmsis_os2.c.obj
LOAD cmake/stm32cubemx/CMakeFiles/FreeRTOS.dir/__/__/Middlewares/Third_Party/FreeRTOS/Source/portable/MemMang/heap_4.c.obj
LOAD cmake/stm32cubemx/CMakeFiles/FreeRTOS.dir/__/__/Middlewares/Third_Party/FreeRTOS/Source/portable/GCC/ARM_CM3/port.c.obj
LOAD CMakeFiles/Butterfly_Motor.dir/Core/Src/main.c.obj
LOAD CMakeFiles/Butterfly_Motor.dir/Core/Src/gpio.c.obj
LOAD CMakeFiles/Butterfly_Motor.dir/Core/Src/freertos.c.obj
LOAD CMakeFiles/Butterfly_Motor.dir/Core/Src/adc.c.obj
LOAD CMakeFiles/Butterfly_Motor.dir/Core/Src/dma.c.obj
LOAD CMakeFiles/Butterfly_Motor.dir/Core/Src/tim.c.obj
LOAD CMakeFiles/Butterfly_Motor.dir/Core/Src/usart.c.obj
LOAD CMakeFiles/Butterfly_Motor.dir/Core/Src/stm32f1xx_it.c.obj
LOAD CMakeFiles/Butterfly_Motor.dir/Core/Src/stm32f1xx_hal_msp.c.obj
LOAD CMakeFiles/Butterfly_Motor.dir/Core/Src/stm32f1xx_hal_timebase_tim.c.obj
LOAD CMakeFiles/Butterfly_Motor.dir/Core/Src/sysmem.c.obj
LOAD CMakeFiles/Butterfly_Motor.dir/Core/Src/syscalls.c.obj
LOAD CMakeFiles/Butterfly_Motor.dir/startup_stm32f103xb.s.obj
LOAD CMakeFiles/Butterfly_Motor.dir/User/application/butterfly.c.obj
LOAD CMakeFiles/Butterfly_Motor.dir/User/modules/daemon.c.obj
LOAD CMakeFiles/Butterfly_Motor.dir/User/modules/elrs.c.obj
LOAD CMakeFiles/Butterfly_Motor.dir/User/modules/motor.c.obj
LOAD CMakeFiles/Butterfly_Motor.dir/User/modules/pid.c.obj
LOAD CMakeFiles/Butterfly_Motor.dir/User/bsp/bsp_uart.c.obj
LOAD CMakeFiles/Butterfly_Motor.dir/User/bsp/bsp_adc.c.obj
LOAD CMakeFiles/Butterfly_Motor.dir/User/bsp/dwt.c.obj
LOAD D:/YueLu/projects/F103/Butterfly_Motor/cmake/stm32cubemx/../../Middlewares/ST/ARM/DSP/Lib/libarm_cortexM3l_math.a
LOAD D:/stm32/config/arm-gnu-toolchain-14.3/bin/../lib/gcc/arm-none-eabi/14.3.1/../../../../arm-none-eabi/lib/thumb/v7-m/nofp\libm.a
START GROUP
LOAD D:/stm32/config/arm-gnu-toolchain-14.3/bin/../lib/gcc/arm-none-eabi/14.3.1/thumb/v7-m/nofp\libgcc.a
LOAD D:/stm32/config/arm-gnu-toolchain-14.3/bin/../lib/gcc/arm-none-eabi/14.3.1/../../../../arm-none-eabi/lib/thumb/v7-m/nofp\libg_nano.a
LOAD D:/stm32/config/arm-gnu-toolchain-14.3/bin/../lib/gcc/arm-none-eabi/14.3.1/../../../../arm-none-eabi/lib/thumb/v7-m/nofp\libc_nano.a
END GROUP
START GROUP
LOAD D:/stm32/config/arm-gnu-toolchain-14.3/bin/../lib/gcc/arm-none-eabi/14.3.1/thumb/v7-m/nofp\libgcc.a
LOAD D:/stm32/config/arm-gnu-toolchain-14.3/bin/../lib/gcc/arm-none-eabi/14.3.1/../../../../arm-none-eabi/lib/thumb/v7-m/nofp\libc_nano.a
END GROUP
LOAD D:/stm32/config/arm-gnu-toolchain-14.3/bin/../lib/gcc/arm-none-eabi/14.3.1/thumb/v7-m/nofp/crtend.o
LOAD D:/stm32/config/arm-gnu-toolchain-14.3/bin/../lib/gcc/arm-none-eabi/14.3.1/thumb/v7-m/nofp/crtn.o
                0x20005000                        _estack = (ORIGIN (RAM) + LENGTH (RAM))
                0x00000200                        _Min_Heap_Size = 0x200
                0x00000400                        _Min_Stack_Size = 0x400

.isr_vector     0x08000000      0x10c
                0x08000000                        . = ALIGN (0x4)
 *(.isr_vector)
 .isr_vector    0x08000000      0x10c CMakeFiles/Butterfly_Motor.dir/startup_stm32f103xb.s.obj
                0x08000000                g_pfnVectors
                0x0800010c                        . = ALIGN (0x4)

.text           0x08000110     0x91fc
                0x08000110                        . = ALIGN (0x4)
 *(.text)
 .text          0x08000110      0x21c D:/stm32/config/arm-gnu-toolchain-14.3/bin/../lib/gcc/arm-none-eabi/14.3.1/thumb/v7-m/nofp\libgcc.a(_arm_addsubsf3.o)
                0x08000110                __aeabi_frsub
                0x08000118                __subsf3
                0x08000118                __aeabi_fsub
                0x0800011c                __aeabi_fadd
                0x0800011c                __addsf3
                0x0800027c                __aeabi_ui2f
                0x0800027c                __floatunsisf
                0x08000284                __aeabi_i2f
                0x08000284                __floatsisf
                0x080002a0                __aeabi_ul2f
                0x080002a0                __floatundisf
                0x080002b0                __aeabi_l2f
                0x080002b0                __floatdisf
 .text          0x0800032c      0x2a0 D:/stm32/config/arm-gnu-toolchain-14.3/bin/../lib/gcc/arm-none-eabi/14.3.1/thumb/v7-m/nofp\libgcc.a(_arm_muldivsf3.o)
                0x0800032c                __mulsf3
                0x0800032c                __aeabi_fmul
                0x08000494                __aeabi_fdiv
                0x08000494                __divsf3
 .text          0x080005cc       0xec D:/stm32/config/arm-gnu-toolchain-14.3/bin/../lib/gcc/arm-none-eabi/14.3.1/thumb/v7-m/nofp\libgcc.a(_arm_cmpsf2.o)
                0x080005cc                __gesf2
                0x080005cc                __gtsf2
                0x080005d4                __lesf2
                0x080005d4                __ltsf2
                0x080005dc                __nesf2
                0x080005dc                __eqsf2
                0x080005dc                __cmpsf2
                0x0800063c                __aeabi_cfrcmple
                0x08000644                __aeabi_cfcmpeq
                0x08000644                __aeabi_cfcmple
                0x08000654                __aeabi_fcmpeq
                0x08000668                __aeabi_fcmplt
                0x0800067c                __aeabi_fcmple
                0x08000690                __aeabi_fcmpge
                0x080006a4                __aeabi_fcmpgt
 .text          0x080006b8       0x4c D:/stm32/config/arm-gnu-toolchain-14.3/bin/../lib/gcc/arm-none-eabi/14.3.1/thumb/v7-m/nofp\libgcc.a(_arm_fixsfsi.o)
                0x080006b8                __aeabi_f2iz
                0x080006b8                __fixsfsi
 .text          0x08000704       0x40 D:/stm32/config/arm-gnu-toolchain-14.3/bin/../lib/gcc/arm-none-eabi/14.3.1/thumb/v7-m/nofp\libgcc.a(_arm_fixunssfsi.o)
                0x08000704                __fixunssfsi
                0x08000704                __aeabi_f2uiz
 *(.text*)
 .text.deregister_tm_clones
                0x08000744       0x1c D:/stm32/config/arm-gnu-toolchain-14.3/bin/../lib/gcc/arm-none-eabi/14.3.1/thumb/v7-m/nofp/crtbegin.o
 .text.register_tm_clones
                0x08000760       0x24 D:/stm32/config/arm-gnu-toolchain-14.3/bin/../lib/gcc/arm-none-eabi/14.3.1/thumb/v7-m/nofp/crtbegin.o
 .text.__do_global_dtors_aux
                0x08000784       0x28 D:/stm32/config/arm-gnu-toolchain-14.3/bin/../lib/gcc/arm-none-eabi/14.3.1/thumb/v7-m/nofp/crtbegin.o
 .text.frame_dummy
                0x080007ac       0x24 D:/stm32/config/arm-gnu-toolchain-14.3/bin/../lib/gcc/arm-none-eabi/14.3.1/thumb/v7-m/nofp/crtbegin.o
 .text.SystemInit
                0x080007d0        0xc cmake/stm32cubemx/CMakeFiles/STM32_Drivers.dir/__/__/Core/Src/system_stm32f1xx.c.obj
                0x080007d0                SystemInit
 .text.HAL_TIM_Base_Init
                0x080007dc       0x9e cmake/stm32cubemx/CMakeFiles/STM32_Drivers.dir/__/__/Drivers/STM32F1xx_HAL_Driver/Src/stm32f1xx_hal_tim.c.obj
                0x080007dc                HAL_TIM_Base_Init
 .text.HAL_TIM_Base_MspInit
                0x0800087a       0x12 cmake/stm32cubemx/CMakeFiles/STM32_Drivers.dir/__/__/Drivers/STM32F1xx_HAL_Driver/Src/stm32f1xx_hal_tim.c.obj
                0x0800087a                HAL_TIM_Base_MspInit
 .text.HAL_TIM_Base_Start_IT
                0x0800088c       0xa4 cmake/stm32cubemx/CMakeFiles/STM32_Drivers.dir/__/__/Drivers/STM32F1xx_HAL_Driver/Src/stm32f1xx_hal_tim.c.obj
                0x0800088c                HAL_TIM_Base_Start_IT
 .text.HAL_TIM_PWM_Init
                0x08000930       0x9e cmake/stm32cubemx/CMakeFiles/STM32_Drivers.dir/__/__/Drivers/STM32F1xx_HAL_Driver/Src/stm32f1xx_hal_tim.c.obj
                0x08000930                HAL_TIM_PWM_Init
 *fill*         0x080009ce        0x2 
 .text.HAL_TIM_PWM_Start
                0x080009d0      0x144 cmake/stm32cubemx/CMakeFiles/STM32_Drivers.dir/__/__/Drivers/STM32F1xx_HAL_Driver/Src/stm32f1xx_hal_tim.c.obj
                0x080009d0                HAL_TIM_PWM_Start
 .text.HAL_TIM_IRQHandler
                0x08000b14      0x1e0 cmake/stm32cubemx/CMakeFiles/STM32_Drivers.dir/__/__/Drivers/STM32F1xx_HAL_Driver/Src/stm32f1xx_hal_tim.c.obj
                0x08000b14                HAL_TIM_IRQHandler
 .text.HAL_TIM_PWM_ConfigChannel
                0x08000cf4      0x184 cmake/stm32cubemx/CMakeFiles/STM32_Drivers.dir/__/__/Drivers/STM32F1xx_HAL_Driver/Src/stm32f1xx_hal_tim.c.obj
                0x08000cf4                HAL_TIM_PWM_ConfigChannel
 .text.HAL_TIM_OC_DelayElapsedCallback
                0x08000e78       0x12 cmake/stm32cubemx/CMakeFiles/STM32_Drivers.dir/__/__/Drivers/STM32F1xx_HAL_Driver/Src/stm32f1xx_hal_tim.c.obj
                0x08000e78                HAL_TIM_OC_DelayElapsedCallback
 .text.HAL_TIM_IC_CaptureCallback
                0x08000e8a       0x12 cmake/stm32cubemx/CMakeFiles/STM32_Drivers.dir/__/__/Drivers/STM32F1xx_HAL_Driver/Src/stm32f1xx_hal_tim.c.obj
                0x08000e8a                HAL_TIM_IC_CaptureCallback
 .text.HAL_TIM_PWM_PulseFinishedCallback
                0x08000e9c       0x12 cmake/stm32cubemx/CMakeFiles/STM32_Drivers.dir/__/__/Drivers/STM32F1xx_HAL_Driver/Src/stm32f1xx_hal_tim.c.obj
                0x08000e9c                HAL_TIM_PWM_PulseFinishedCallback
 .text.HAL_TIM_TriggerCallback
                0x08000eae       0x12 cmake/stm32cubemx/CMakeFiles/STM32_Drivers.dir/__/__/Drivers/STM32F1xx_HAL_Driver/Src/stm32f1xx_hal_tim.c.obj
                0x08000eae                HAL_TIM_TriggerCallback
 .text.TIM_Base_SetConfig
                0x08000ec0       0xdc cmake/stm32cubemx/CMakeFiles/STM32_Drivers.dir/__/__/Drivers/STM32F1xx_HAL_Driver/Src/stm32f1xx_hal_tim.c.obj
                0x08000ec0                TIM_Base_SetConfig
 .text.TIM_OC1_SetConfig
                0x08000f9c       0xcc cmake/stm32cubemx/CMakeFiles/STM32_Drivers.dir/__/__/Drivers/STM32F1xx_HAL_Driver/Src/stm32f1xx_hal_tim.c.obj
 .text.TIM_OC2_SetConfig
                0x08001068       0xd4 cmake/stm32cubemx/CMakeFiles/STM32_Drivers.dir/__/__/Drivers/STM32F1xx_HAL_Driver/Src/stm32f1xx_hal_tim.c.obj
                0x08001068                TIM_OC2_SetConfig
 .text.TIM_OC3_SetConfig
                0x0800113c       0xd4 cmake/stm32cubemx/CMakeFiles/STM32_Drivers.dir/__/__/Drivers/STM32F1xx_HAL_Driver/Src/stm32f1xx_hal_tim.c.obj
 .text.TIM_OC4_SetConfig
                0x08001210       0x9c cmake/stm32cubemx/CMakeFiles/STM32_Drivers.dir/__/__/Drivers/STM32F1xx_HAL_Driver/Src/stm32f1xx_hal_tim.c.obj
 .text.TIM_CCxChannelCmd
                0x080012ac       0x48 cmake/stm32cubemx/CMakeFiles/STM32_Drivers.dir/__/__/Drivers/STM32F1xx_HAL_Driver/Src/stm32f1xx_hal_tim.c.obj
                0x080012ac                TIM_CCxChannelCmd
 .text.HAL_TIMEx_MasterConfigSynchronization
                0x080012f4       0xbc cmake/stm32cubemx/CMakeFiles/STM32_Drivers.dir/__/__/Drivers/STM32F1xx_HAL_Driver/Src/stm32f1xx_hal_tim_ex.c.obj
                0x080012f4                HAL_TIMEx_MasterConfigSynchronization
 .text.HAL_TIMEx_CommutCallback
                0x080013b0       0x12 cmake/stm32cubemx/CMakeFiles/STM32_Drivers.dir/__/__/Drivers/STM32F1xx_HAL_Driver/Src/stm32f1xx_hal_tim_ex.c.obj
                0x080013b0                HAL_TIMEx_CommutCallback
 .text.HAL_TIMEx_BreakCallback
                0x080013c2       0x12 cmake/stm32cubemx/CMakeFiles/STM32_Drivers.dir/__/__/Drivers/STM32F1xx_HAL_Driver/Src/stm32f1xx_hal_tim_ex.c.obj
                0x080013c2                HAL_TIMEx_BreakCallback
 .text.HAL_ADC_Init
                0x080013d4      0x1b0 cmake/stm32cubemx/CMakeFiles/STM32_Drivers.dir/__/__/Drivers/STM32F1xx_HAL_Driver/Src/stm32f1xx_hal_adc.c.obj
                0x080013d4                HAL_ADC_Init
 .text.HAL_ADC_Start_DMA
                0x08001584      0x1bc cmake/stm32cubemx/CMakeFiles/STM32_Drivers.dir/__/__/Drivers/STM32F1xx_HAL_Driver/Src/stm32f1xx_hal_adc.c.obj
                0x08001584                HAL_ADC_Start_DMA
 .text.HAL_ADC_IRQHandler
                0x08001740      0x17e cmake/stm32cubemx/CMakeFiles/STM32_Drivers.dir/__/__/Drivers/STM32F1xx_HAL_Driver/Src/stm32f1xx_hal_adc.c.obj
                0x08001740                HAL_ADC_IRQHandler
 .text.HAL_ADC_ConvHalfCpltCallback
                0x080018be       0x12 cmake/stm32cubemx/CMakeFiles/STM32_Drivers.dir/__/__/Drivers/STM32F1xx_HAL_Driver/Src/stm32f1xx_hal_adc.c.obj
                0x080018be                HAL_ADC_ConvHalfCpltCallback
 .text.HAL_ADC_LevelOutOfWindowCallback
                0x080018d0       0x12 cmake/stm32cubemx/CMakeFiles/STM32_Drivers.dir/__/__/Drivers/STM32F1xx_HAL_Driver/Src/stm32f1xx_hal_adc.c.obj
                0x080018d0                HAL_ADC_LevelOutOfWindowCallback
 .text.HAL_ADC_ErrorCallback
                0x080018e2       0x12 cmake/stm32cubemx/CMakeFiles/STM32_Drivers.dir/__/__/Drivers/STM32F1xx_HAL_Driver/Src/stm32f1xx_hal_adc.c.obj
                0x080018e2                HAL_ADC_ErrorCallback
 .text.HAL_ADC_ConfigChannel
                0x080018f4      0x1f0 cmake/stm32cubemx/CMakeFiles/STM32_Drivers.dir/__/__/Drivers/STM32F1xx_HAL_Driver/Src/stm32f1xx_hal_adc.c.obj
                0x080018f4                HAL_ADC_ConfigChannel
 .text.ADC_Enable
                0x08001ae4       0xb4 cmake/stm32cubemx/CMakeFiles/STM32_Drivers.dir/__/__/Drivers/STM32F1xx_HAL_Driver/Src/stm32f1xx_hal_adc.c.obj
                0x08001ae4                ADC_Enable
 .text.ADC_ConversionStop_Disable
                0x08001b98       0x82 cmake/stm32cubemx/CMakeFiles/STM32_Drivers.dir/__/__/Drivers/STM32F1xx_HAL_Driver/Src/stm32f1xx_hal_adc.c.obj
                0x08001b98                ADC_ConversionStop_Disable
 .text.ADC_DMAConvCplt
                0x08001c1a       0x7c cmake/stm32cubemx/CMakeFiles/STM32_Drivers.dir/__/__/Drivers/STM32F1xx_HAL_Driver/Src/stm32f1xx_hal_adc.c.obj
                0x08001c1a                ADC_DMAConvCplt
 .text.ADC_DMAHalfConvCplt
                0x08001c96       0x1c cmake/stm32cubemx/CMakeFiles/STM32_Drivers.dir/__/__/Drivers/STM32F1xx_HAL_Driver/Src/stm32f1xx_hal_adc.c.obj
                0x08001c96                ADC_DMAHalfConvCplt
 .text.ADC_DMAError
                0x08001cb2       0x34 cmake/stm32cubemx/CMakeFiles/STM32_Drivers.dir/__/__/Drivers/STM32F1xx_HAL_Driver/Src/stm32f1xx_hal_adc.c.obj
                0x08001cb2                ADC_DMAError
 *fill*         0x08001ce6        0x2 
 .text.HAL_ADCEx_Calibration_Start
                0x08001ce8      0x15c cmake/stm32cubemx/CMakeFiles/STM32_Drivers.dir/__/__/Drivers/STM32F1xx_HAL_Driver/Src/stm32f1xx_hal_adc_ex.c.obj
                0x08001ce8                HAL_ADCEx_Calibration_Start
 .text.HAL_ADCEx_InjectedConvCpltCallback
                0x08001e44       0x12 cmake/stm32cubemx/CMakeFiles/STM32_Drivers.dir/__/__/Drivers/STM32F1xx_HAL_Driver/Src/stm32f1xx_hal_adc_ex.c.obj
                0x08001e44                HAL_ADCEx_InjectedConvCpltCallback
 *fill*         0x08001e56        0x2 
 .text.HAL_Init
                0x08001e58       0x2c cmake/stm32cubemx/CMakeFiles/STM32_Drivers.dir/__/__/Drivers/STM32F1xx_HAL_Driver/Src/stm32f1xx_hal.c.obj
                0x08001e58                HAL_Init
 .text.HAL_IncTick
                0x08001e84       0x24 cmake/stm32cubemx/CMakeFiles/STM32_Drivers.dir/__/__/Drivers/STM32F1xx_HAL_Driver/Src/stm32f1xx_hal.c.obj
                0x08001e84                HAL_IncTick
 .text.HAL_GetTick
                0x08001ea8       0x14 cmake/stm32cubemx/CMakeFiles/STM32_Drivers.dir/__/__/Drivers/STM32F1xx_HAL_Driver/Src/stm32f1xx_hal.c.obj
                0x08001ea8                HAL_GetTick
 .text.HAL_RCC_OscConfig
                0x08001ebc      0x504 cmake/stm32cubemx/CMakeFiles/STM32_Drivers.dir/__/__/Drivers/STM32F1xx_HAL_Driver/Src/stm32f1xx_hal_rcc.c.obj
                0x08001ebc                HAL_RCC_OscConfig
 .text.HAL_RCC_ClockConfig
                0x080023c0      0x1d4 cmake/stm32cubemx/CMakeFiles/STM32_Drivers.dir/__/__/Drivers/STM32F1xx_HAL_Driver/Src/stm32f1xx_hal_rcc.c.obj
                0x080023c0                HAL_RCC_ClockConfig
 .text.HAL_RCC_GetSysClockFreq
                0x08002594       0xa8 cmake/stm32cubemx/CMakeFiles/STM32_Drivers.dir/__/__/Drivers/STM32F1xx_HAL_Driver/Src/stm32f1xx_hal_rcc.c.obj
                0x08002594                HAL_RCC_GetSysClockFreq
 .text.HAL_RCC_GetHCLKFreq
                0x0800263c       0x14 cmake/stm32cubemx/CMakeFiles/STM32_Drivers.dir/__/__/Drivers/STM32F1xx_HAL_Driver/Src/stm32f1xx_hal_rcc.c.obj
                0x0800263c                HAL_RCC_GetHCLKFreq
 .text.HAL_RCC_GetPCLK1Freq
                0x08002650       0x28 cmake/stm32cubemx/CMakeFiles/STM32_Drivers.dir/__/__/Drivers/STM32F1xx_HAL_Driver/Src/stm32f1xx_hal_rcc.c.obj
                0x08002650                HAL_RCC_GetPCLK1Freq
 .text.HAL_RCC_GetPCLK2Freq
                0x08002678       0x28 cmake/stm32cubemx/CMakeFiles/STM32_Drivers.dir/__/__/Drivers/STM32F1xx_HAL_Driver/Src/stm32f1xx_hal_rcc.c.obj
                0x08002678                HAL_RCC_GetPCLK2Freq
 .text.HAL_RCC_GetClockConfig
                0x080026a0       0x60 cmake/stm32cubemx/CMakeFiles/STM32_Drivers.dir/__/__/Drivers/STM32F1xx_HAL_Driver/Src/stm32f1xx_hal_rcc.c.obj
                0x080026a0                HAL_RCC_GetClockConfig
 .text.RCC_Delay
                0x08002700       0x3c cmake/stm32cubemx/CMakeFiles/STM32_Drivers.dir/__/__/Drivers/STM32F1xx_HAL_Driver/Src/stm32f1xx_hal_rcc.c.obj
 .text.HAL_RCCEx_PeriphCLKConfig
                0x0800273c      0x16c cmake/stm32cubemx/CMakeFiles/STM32_Drivers.dir/__/__/Drivers/STM32F1xx_HAL_Driver/Src/stm32f1xx_hal_rcc_ex.c.obj
                0x0800273c                HAL_RCCEx_PeriphCLKConfig
 .text.HAL_RCCEx_GetPeriphCLKFreq
                0x080028a8      0x16c cmake/stm32cubemx/CMakeFiles/STM32_Drivers.dir/__/__/Drivers/STM32F1xx_HAL_Driver/Src/stm32f1xx_hal_rcc_ex.c.obj
                0x080028a8                HAL_RCCEx_GetPeriphCLKFreq
 .text.HAL_GPIO_Init
                0x08002a14      0x308 cmake/stm32cubemx/CMakeFiles/STM32_Drivers.dir/__/__/Drivers/STM32F1xx_HAL_Driver/Src/stm32f1xx_hal_gpio.c.obj
                0x08002a14                HAL_GPIO_Init
 .text.HAL_GPIO_WritePin
                0x08002d1c       0x30 cmake/stm32cubemx/CMakeFiles/STM32_Drivers.dir/__/__/Drivers/STM32F1xx_HAL_Driver/Src/stm32f1xx_hal_gpio.c.obj
                0x08002d1c                HAL_GPIO_WritePin
 .text.HAL_GPIO_TogglePin
                0x08002d4c       0x32 cmake/stm32cubemx/CMakeFiles/STM32_Drivers.dir/__/__/Drivers/STM32F1xx_HAL_Driver/Src/stm32f1xx_hal_gpio.c.obj
                0x08002d4c                HAL_GPIO_TogglePin
 *fill*         0x08002d7e        0x2 
 .text.HAL_DMA_Init
                0x08002d80       0xb4 cmake/stm32cubemx/CMakeFiles/STM32_Drivers.dir/__/__/Drivers/STM32F1xx_HAL_Driver/Src/stm32f1xx_hal_dma.c.obj
                0x08002d80                HAL_DMA_Init
 .text.HAL_DMA_Start_IT
                0x08002e34       0xc0 cmake/stm32cubemx/CMakeFiles/STM32_Drivers.dir/__/__/Drivers/STM32F1xx_HAL_Driver/Src/stm32f1xx_hal_dma.c.obj
                0x08002e34                HAL_DMA_Start_IT
 .text.HAL_DMA_Abort
                0x08002ef4       0x76 cmake/stm32cubemx/CMakeFiles/STM32_Drivers.dir/__/__/Drivers/STM32F1xx_HAL_Driver/Src/stm32f1xx_hal_dma.c.obj
                0x08002ef4                HAL_DMA_Abort
 *fill*         0x08002f6a        0x2 
 .text.HAL_DMA_Abort_IT
                0x08002f6c       0xf0 cmake/stm32cubemx/CMakeFiles/STM32_Drivers.dir/__/__/Drivers/STM32F1xx_HAL_Driver/Src/stm32f1xx_hal_dma.c.obj
                0x08002f6c                HAL_DMA_Abort_IT
 .text.HAL_DMA_IRQHandler
                0x0800305c      0x20c cmake/stm32cubemx/CMakeFiles/STM32_Drivers.dir/__/__/Drivers/STM32F1xx_HAL_Driver/Src/stm32f1xx_hal_dma.c.obj
                0x0800305c                HAL_DMA_IRQHandler
 .text.DMA_SetConfig
                0x08003268       0x5a cmake/stm32cubemx/CMakeFiles/STM32_Drivers.dir/__/__/Drivers/STM32F1xx_HAL_Driver/Src/stm32f1xx_hal_dma.c.obj
 *fill*         0x080032c2        0x2 
 .text.__NVIC_SetPriorityGrouping
                0x080032c4       0x48 cmake/stm32cubemx/CMakeFiles/STM32_Drivers.dir/__/__/Drivers/STM32F1xx_HAL_Driver/Src/stm32f1xx_hal_cortex.c.obj
 .text.__NVIC_GetPriorityGrouping
                0x0800330c       0x1c cmake/stm32cubemx/CMakeFiles/STM32_Drivers.dir/__/__/Drivers/STM32F1xx_HAL_Driver/Src/stm32f1xx_hal_cortex.c.obj
 .text.__NVIC_EnableIRQ
                0x08003328       0x38 cmake/stm32cubemx/CMakeFiles/STM32_Drivers.dir/__/__/Drivers/STM32F1xx_HAL_Driver/Src/stm32f1xx_hal_cortex.c.obj
 .text.__NVIC_SetPriority
                0x08003360       0x54 cmake/stm32cubemx/CMakeFiles/STM32_Drivers.dir/__/__/Drivers/STM32F1xx_HAL_Driver/Src/stm32f1xx_hal_cortex.c.obj
 .text.NVIC_EncodePriority
                0x080033b4       0x64 cmake/stm32cubemx/CMakeFiles/STM32_Drivers.dir/__/__/Drivers/STM32F1xx_HAL_Driver/Src/stm32f1xx_hal_cortex.c.obj
 .text.HAL_NVIC_SetPriorityGrouping
                0x08003418       0x16 cmake/stm32cubemx/CMakeFiles/STM32_Drivers.dir/__/__/Drivers/STM32F1xx_HAL_Driver/Src/stm32f1xx_hal_cortex.c.obj
                0x08003418                HAL_NVIC_SetPriorityGrouping
 .text.HAL_NVIC_SetPriority
                0x0800342e       0x38 cmake/stm32cubemx/CMakeFiles/STM32_Drivers.dir/__/__/Drivers/STM32F1xx_HAL_Driver/Src/stm32f1xx_hal_cortex.c.obj
                0x0800342e                HAL_NVIC_SetPriority
 .text.HAL_NVIC_EnableIRQ
                0x08003466       0x1c cmake/stm32cubemx/CMakeFiles/STM32_Drivers.dir/__/__/Drivers/STM32F1xx_HAL_Driver/Src/stm32f1xx_hal_cortex.c.obj
                0x08003466                HAL_NVIC_EnableIRQ
 .text.HAL_UART_Init
                0x08003482       0xa0 cmake/stm32cubemx/CMakeFiles/STM32_Drivers.dir/__/__/Drivers/STM32F1xx_HAL_Driver/Src/stm32f1xx_hal_uart.c.obj
                0x08003482                HAL_UART_Init
 .text.HAL_UARTEx_ReceiveToIdle_DMA
                0x08003522       0xb2 cmake/stm32cubemx/CMakeFiles/STM32_Drivers.dir/__/__/Drivers/STM32F1xx_HAL_Driver/Src/stm32f1xx_hal_uart.c.obj
                0x08003522                HAL_UARTEx_ReceiveToIdle_DMA
 .text.HAL_UART_IRQHandler
                0x080035d4      0x524 cmake/stm32cubemx/CMakeFiles/STM32_Drivers.dir/__/__/Drivers/STM32F1xx_HAL_Driver/Src/stm32f1xx_hal_uart.c.obj
                0x080035d4                HAL_UART_IRQHandler
 .text.HAL_UART_TxCpltCallback
                0x08003af8       0x12 cmake/stm32cubemx/CMakeFiles/STM32_Drivers.dir/__/__/Drivers/STM32F1xx_HAL_Driver/Src/stm32f1xx_hal_uart.c.obj
                0x08003af8                HAL_UART_TxCpltCallback
 .text.HAL_UART_RxCpltCallback
                0x08003b0a       0x12 cmake/stm32cubemx/CMakeFiles/STM32_Drivers.dir/__/__/Drivers/STM32F1xx_HAL_Driver/Src/stm32f1xx_hal_uart.c.obj
                0x08003b0a                HAL_UART_RxCpltCallback
 .text.HAL_UART_RxHalfCpltCallback
                0x08003b1c       0x12 cmake/stm32cubemx/CMakeFiles/STM32_Drivers.dir/__/__/Drivers/STM32F1xx_HAL_Driver/Src/stm32f1xx_hal_uart.c.obj
                0x08003b1c                HAL_UART_RxHalfCpltCallback
 .text.HAL_UART_ErrorCallback
                0x08003b2e       0x12 cmake/stm32cubemx/CMakeFiles/STM32_Drivers.dir/__/__/Drivers/STM32F1xx_HAL_Driver/Src/stm32f1xx_hal_uart.c.obj
                0x08003b2e                HAL_UART_ErrorCallback
 .text.UART_DMAReceiveCplt
                0x08003b40      0x12c cmake/stm32cubemx/CMakeFiles/STM32_Drivers.dir/__/__/Drivers/STM32F1xx_HAL_Driver/Src/stm32f1xx_hal_uart.c.obj
 .text.UART_DMARxHalfCplt
                0x08003c6c       0x3c cmake/stm32cubemx/CMakeFiles/STM32_Drivers.dir/__/__/Drivers/STM32F1xx_HAL_Driver/Src/stm32f1xx_hal_uart.c.obj
 .text.UART_DMAError
                0x08003ca8       0x94 cmake/stm32cubemx/CMakeFiles/STM32_Drivers.dir/__/__/Drivers/STM32F1xx_HAL_Driver/Src/stm32f1xx_hal_uart.c.obj
 .text.UART_Start_Receive_DMA
                0x08003d3c      0x134 cmake/stm32cubemx/CMakeFiles/STM32_Drivers.dir/__/__/Drivers/STM32F1xx_HAL_Driver/Src/stm32f1xx_hal_uart.c.obj
                0x08003d3c                UART_Start_Receive_DMA
 .text.UART_EndTxTransfer
                0x08003e70       0x4e cmake/stm32cubemx/CMakeFiles/STM32_Drivers.dir/__/__/Drivers/STM32F1xx_HAL_Driver/Src/stm32f1xx_hal_uart.c.obj
 .text.UART_EndRxTransfer
                0x08003ebe       0xc4 cmake/stm32cubemx/CMakeFiles/STM32_Drivers.dir/__/__/Drivers/STM32F1xx_HAL_Driver/Src/stm32f1xx_hal_uart.c.obj
 .text.UART_DMAAbortOnError
                0x08003f82       0x28 cmake/stm32cubemx/CMakeFiles/STM32_Drivers.dir/__/__/Drivers/STM32F1xx_HAL_Driver/Src/stm32f1xx_hal_uart.c.obj
 .text.UART_Transmit_IT
                0x08003faa       0x9e cmake/stm32cubemx/CMakeFiles/STM32_Drivers.dir/__/__/Drivers/STM32F1xx_HAL_Driver/Src/stm32f1xx_hal_uart.c.obj
 .text.UART_EndTransmit_IT
                0x08004048       0x30 cmake/stm32cubemx/CMakeFiles/STM32_Drivers.dir/__/__/Drivers/STM32F1xx_HAL_Driver/Src/stm32f1xx_hal_uart.c.obj
 .text.UART_Receive_IT
                0x08004078      0x17c cmake/stm32cubemx/CMakeFiles/STM32_Drivers.dir/__/__/Drivers/STM32F1xx_HAL_Driver/Src/stm32f1xx_hal_uart.c.obj
 .text.UART_SetConfig
                0x080041f4      0x11c cmake/stm32cubemx/CMakeFiles/STM32_Drivers.dir/__/__/Drivers/STM32F1xx_HAL_Driver/Src/stm32f1xx_hal_uart.c.obj
 .text.vListInitialise
                0x08004310       0x3e cmake/stm32cubemx/CMakeFiles/FreeRTOS.dir/__/__/Middlewares/Third_Party/FreeRTOS/Source/list.c.obj
                0x08004310                vListInitialise
 .text.vListInitialiseItem
                0x0800434e       0x18 cmake/stm32cubemx/CMakeFiles/FreeRTOS.dir/__/__/Middlewares/Third_Party/FreeRTOS/Source/list.c.obj
                0x0800434e                vListInitialiseItem
 .text.vListInsertEnd
                0x08004366       0x46 cmake/stm32cubemx/CMakeFiles/FreeRTOS.dir/__/__/Middlewares/Third_Party/FreeRTOS/Source/list.c.obj
                0x08004366                vListInsertEnd
 .text.vListInsert
                0x080043ac       0x70 cmake/stm32cubemx/CMakeFiles/FreeRTOS.dir/__/__/Middlewares/Third_Party/FreeRTOS/Source/list.c.obj
                0x080043ac                vListInsert
 .text.uxListRemove
                0x0800441c       0x52 cmake/stm32cubemx/CMakeFiles/FreeRTOS.dir/__/__/Middlewares/Third_Party/FreeRTOS/Source/list.c.obj
                0x0800441c                uxListRemove
 *fill*         0x0800446e        0x2 
 .text.xQueueGenericReset
                0x08004470       0xd4 cmake/stm32cubemx/CMakeFiles/FreeRTOS.dir/__/__/Middlewares/Third_Party/FreeRTOS/Source/queue.c.obj
                0x08004470                xQueueGenericReset
 .text.xQueueGenericCreateStatic
                0x08004544       0xfa cmake/stm32cubemx/CMakeFiles/FreeRTOS.dir/__/__/Middlewares/Third_Party/FreeRTOS/Source/queue.c.obj
                0x08004544                xQueueGenericCreateStatic
 .text.prvInitialiseNewQueue
                0x0800463e       0x46 cmake/stm32cubemx/CMakeFiles/FreeRTOS.dir/__/__/Middlewares/Third_Party/FreeRTOS/Source/queue.c.obj
 .text.xQueueGenericSend
                0x08004684      0x204 cmake/stm32cubemx/CMakeFiles/FreeRTOS.dir/__/__/Middlewares/Third_Party/FreeRTOS/Source/queue.c.obj
                0x08004684                xQueueGenericSend
 .text.xQueueGenericSendFromISR
                0x08004888      0x13c cmake/stm32cubemx/CMakeFiles/FreeRTOS.dir/__/__/Middlewares/Third_Party/FreeRTOS/Source/queue.c.obj
                0x08004888                xQueueGenericSendFromISR
 .text.xQueueReceive
                0x080049c4      0x1c4 cmake/stm32cubemx/CMakeFiles/FreeRTOS.dir/__/__/Middlewares/Third_Party/FreeRTOS/Source/queue.c.obj
                0x080049c4                xQueueReceive
 .text.prvCopyDataToQueue
                0x08004b88       0xd4 cmake/stm32cubemx/CMakeFiles/FreeRTOS.dir/__/__/Middlewares/Third_Party/FreeRTOS/Source/queue.c.obj
 .text.prvCopyDataFromQueue
                0x08004c5c       0x4c cmake/stm32cubemx/CMakeFiles/FreeRTOS.dir/__/__/Middlewares/Third_Party/FreeRTOS/Source/queue.c.obj
 .text.prvUnlockQueue
                0x08004ca8       0xa4 cmake/stm32cubemx/CMakeFiles/FreeRTOS.dir/__/__/Middlewares/Third_Party/FreeRTOS/Source/queue.c.obj
 .text.prvIsQueueEmpty
                0x08004d4c       0x2c cmake/stm32cubemx/CMakeFiles/FreeRTOS.dir/__/__/Middlewares/Third_Party/FreeRTOS/Source/queue.c.obj
 .text.prvIsQueueFull
                0x08004d78       0x30 cmake/stm32cubemx/CMakeFiles/FreeRTOS.dir/__/__/Middlewares/Third_Party/FreeRTOS/Source/queue.c.obj
 .text.vQueueAddToRegistry
                0x08004da8       0x50 cmake/stm32cubemx/CMakeFiles/FreeRTOS.dir/__/__/Middlewares/Third_Party/FreeRTOS/Source/queue.c.obj
                0x08004da8                vQueueAddToRegistry
 .text.vQueueWaitForMessageRestricted
                0x08004df8       0x68 cmake/stm32cubemx/CMakeFiles/FreeRTOS.dir/__/__/Middlewares/Third_Party/FreeRTOS/Source/queue.c.obj
                0x08004df8                vQueueWaitForMessageRestricted
 .text.xTaskCreateStatic
                0x08004e60       0xc0 cmake/stm32cubemx/CMakeFiles/FreeRTOS.dir/__/__/Middlewares/Third_Party/FreeRTOS/Source/tasks.c.obj
                0x08004e60                xTaskCreateStatic
 .text.xTaskCreate
                0x08004f20       0x8a cmake/stm32cubemx/CMakeFiles/FreeRTOS.dir/__/__/Middlewares/Third_Party/FreeRTOS/Source/tasks.c.obj
                0x08004f20                xTaskCreate
 .text.prvInitialiseNewTask
                0x08004faa      0x120 cmake/stm32cubemx/CMakeFiles/FreeRTOS.dir/__/__/Middlewares/Third_Party/FreeRTOS/Source/tasks.c.obj
 *fill*         0x080050ca        0x2 
 .text.prvAddNewTaskToReadyList
                0x080050cc       0xe0 cmake/stm32cubemx/CMakeFiles/FreeRTOS.dir/__/__/Middlewares/Third_Party/FreeRTOS/Source/tasks.c.obj
 .text.vTaskDelay
                0x080051ac       0x6c cmake/stm32cubemx/CMakeFiles/FreeRTOS.dir/__/__/Middlewares/Third_Party/FreeRTOS/Source/tasks.c.obj
                0x080051ac                vTaskDelay
 .text.vTaskStartScheduler
                0x08005218       0xd0 cmake/stm32cubemx/CMakeFiles/FreeRTOS.dir/__/__/Middlewares/Third_Party/FreeRTOS/Source/tasks.c.obj
                0x08005218                vTaskStartScheduler
 .text.vTaskSuspendAll
                0x080052e8       0x1c cmake/stm32cubemx/CMakeFiles/FreeRTOS.dir/__/__/Middlewares/Third_Party/FreeRTOS/Source/tasks.c.obj
                0x080052e8                vTaskSuspendAll
 .text.xTaskResumeAll
                0x08005304      0x13c cmake/stm32cubemx/CMakeFiles/FreeRTOS.dir/__/__/Middlewares/Third_Party/FreeRTOS/Source/tasks.c.obj
                0x08005304                xTaskResumeAll
 .text.xTaskGetTickCount
                0x08005440       0x1c cmake/stm32cubemx/CMakeFiles/FreeRTOS.dir/__/__/Middlewares/Third_Party/FreeRTOS/Source/tasks.c.obj
                0x08005440                xTaskGetTickCount
 .text.xTaskIncrementTick
                0x0800545c      0x174 cmake/stm32cubemx/CMakeFiles/FreeRTOS.dir/__/__/Middlewares/Third_Party/FreeRTOS/Source/tasks.c.obj
                0x0800545c                xTaskIncrementTick
 .text.vTaskSwitchContext
                0x080055d0       0xbc cmake/stm32cubemx/CMakeFiles/FreeRTOS.dir/__/__/Middlewares/Third_Party/FreeRTOS/Source/tasks.c.obj
                0x080055d0                vTaskSwitchContext
 .text.vTaskPlaceOnEventList
                0x0800568c       0x4c cmake/stm32cubemx/CMakeFiles/FreeRTOS.dir/__/__/Middlewares/Third_Party/FreeRTOS/Source/tasks.c.obj
                0x0800568c                vTaskPlaceOnEventList
 .text.vTaskPlaceOnEventListRestricted
                0x080056d8       0x58 cmake/stm32cubemx/CMakeFiles/FreeRTOS.dir/__/__/Middlewares/Third_Party/FreeRTOS/Source/tasks.c.obj
                0x080056d8                vTaskPlaceOnEventListRestricted
 .text.xTaskRemoveFromEventList
                0x08005730       0xc8 cmake/stm32cubemx/CMakeFiles/FreeRTOS.dir/__/__/Middlewares/Third_Party/FreeRTOS/Source/tasks.c.obj
                0x08005730                xTaskRemoveFromEventList
 .text.vTaskInternalSetTimeOutState
                0x080057f8       0x2c cmake/stm32cubemx/CMakeFiles/FreeRTOS.dir/__/__/Middlewares/Third_Party/FreeRTOS/Source/tasks.c.obj
                0x080057f8                vTaskInternalSetTimeOutState
 .text.xTaskCheckForTimeOut
                0x08005824       0xc8 cmake/stm32cubemx/CMakeFiles/FreeRTOS.dir/__/__/Middlewares/Third_Party/FreeRTOS/Source/tasks.c.obj
                0x08005824                xTaskCheckForTimeOut
 .text.vTaskMissedYield
                0x080058ec       0x18 cmake/stm32cubemx/CMakeFiles/FreeRTOS.dir/__/__/Middlewares/Third_Party/FreeRTOS/Source/tasks.c.obj
                0x080058ec                vTaskMissedYield
 .text.prvIdleTask
                0x08005904       0x30 cmake/stm32cubemx/CMakeFiles/FreeRTOS.dir/__/__/Middlewares/Third_Party/FreeRTOS/Source/tasks.c.obj
 .text.prvInitialiseTaskLists
                0x08005934       0x80 cmake/stm32cubemx/CMakeFiles/FreeRTOS.dir/__/__/Middlewares/Third_Party/FreeRTOS/Source/tasks.c.obj
 .text.prvCheckTasksWaitingTermination
                0x080059b4       0x5c cmake/stm32cubemx/CMakeFiles/FreeRTOS.dir/__/__/Middlewares/Third_Party/FreeRTOS/Source/tasks.c.obj
 .text.prvDeleteTCB
                0x08005a10       0x60 cmake/stm32cubemx/CMakeFiles/FreeRTOS.dir/__/__/Middlewares/Third_Party/FreeRTOS/Source/tasks.c.obj
 .text.prvResetNextTaskUnblockTime
                0x08005a70       0x40 cmake/stm32cubemx/CMakeFiles/FreeRTOS.dir/__/__/Middlewares/Third_Party/FreeRTOS/Source/tasks.c.obj
 .text.xTaskGetSchedulerState
                0x08005ab0       0x3c cmake/stm32cubemx/CMakeFiles/FreeRTOS.dir/__/__/Middlewares/Third_Party/FreeRTOS/Source/tasks.c.obj
                0x08005ab0                xTaskGetSchedulerState
 .text.xTaskPriorityDisinherit
                0x08005aec       0xe0 cmake/stm32cubemx/CMakeFiles/FreeRTOS.dir/__/__/Middlewares/Third_Party/FreeRTOS/Source/tasks.c.obj
                0x08005aec                xTaskPriorityDisinherit
 .text.prvAddCurrentTaskToDelayedList
                0x08005bcc       0xa8 cmake/stm32cubemx/CMakeFiles/FreeRTOS.dir/__/__/Middlewares/Third_Party/FreeRTOS/Source/tasks.c.obj
 .text.xTimerCreateTimerTask
                0x08005c74       0x94 cmake/stm32cubemx/CMakeFiles/FreeRTOS.dir/__/__/Middlewares/Third_Party/FreeRTOS/Source/timers.c.obj
                0x08005c74                xTimerCreateTimerTask
 .text.xTimerGenericCommand
                0x08005d08       0x9c cmake/stm32cubemx/CMakeFiles/FreeRTOS.dir/__/__/Middlewares/Third_Party/FreeRTOS/Source/timers.c.obj
                0x08005d08                xTimerGenericCommand
 .text.prvProcessExpiredTimer
                0x08005da4       0x9c cmake/stm32cubemx/CMakeFiles/FreeRTOS.dir/__/__/Middlewares/Third_Party/FreeRTOS/Source/timers.c.obj
 .text.prvTimerTask
                0x08005e40       0x26 cmake/stm32cubemx/CMakeFiles/FreeRTOS.dir/__/__/Middlewares/Third_Party/FreeRTOS/Source/timers.c.obj
 *fill*         0x08005e66        0x2 
 .text.prvProcessTimerOrBlockTask
                0x08005e68       0x9c cmake/stm32cubemx/CMakeFiles/FreeRTOS.dir/__/__/Middlewares/Third_Party/FreeRTOS/Source/timers.c.obj
 .text.prvGetNextExpireTime
                0x08005f04       0x44 cmake/stm32cubemx/CMakeFiles/FreeRTOS.dir/__/__/Middlewares/Third_Party/FreeRTOS/Source/timers.c.obj
 .text.prvSampleTimeNow
                0x08005f48       0x40 cmake/stm32cubemx/CMakeFiles/FreeRTOS.dir/__/__/Middlewares/Third_Party/FreeRTOS/Source/timers.c.obj
 .text.prvInsertTimerInActiveList
                0x08005f88       0x84 cmake/stm32cubemx/CMakeFiles/FreeRTOS.dir/__/__/Middlewares/Third_Party/FreeRTOS/Source/timers.c.obj
 .text.prvProcessReceivedCommands
                0x0800600c      0x1cc cmake/stm32cubemx/CMakeFiles/FreeRTOS.dir/__/__/Middlewares/Third_Party/FreeRTOS/Source/timers.c.obj
 .text.prvSwitchTimerLists
                0x080061d8       0xcc cmake/stm32cubemx/CMakeFiles/FreeRTOS.dir/__/__/Middlewares/Third_Party/FreeRTOS/Source/timers.c.obj
 .text.prvCheckForValidListAndQueue
                0x080062a4       0x80 cmake/stm32cubemx/CMakeFiles/FreeRTOS.dir/__/__/Middlewares/Third_Party/FreeRTOS/Source/timers.c.obj
 .text.__NVIC_SetPriority
                0x08006324       0x54 cmake/stm32cubemx/CMakeFiles/FreeRTOS.dir/__/__/Middlewares/Third_Party/FreeRTOS/Source/CMSIS_RTOS_V2/cmsis_os2.c.obj
 .text.SysTick_Handler
                0x08006378       0x20 cmake/stm32cubemx/CMakeFiles/FreeRTOS.dir/__/__/Middlewares/Third_Party/FreeRTOS/Source/CMSIS_RTOS_V2/cmsis_os2.c.obj
                0x08006378                SysTick_Handler
 .text.SVC_Setup
                0x08006398       0x12 cmake/stm32cubemx/CMakeFiles/FreeRTOS.dir/__/__/Middlewares/Third_Party/FreeRTOS/Source/CMSIS_RTOS_V2/cmsis_os2.c.obj
 *fill*         0x080063aa        0x2 
 .text.osKernelInitialize
                0x080063ac       0x44 cmake/stm32cubemx/CMakeFiles/FreeRTOS.dir/__/__/Middlewares/Third_Party/FreeRTOS/Source/CMSIS_RTOS_V2/cmsis_os2.c.obj
                0x080063ac                osKernelInitialize
 .text.osKernelStart
                0x080063f0       0x4c cmake/stm32cubemx/CMakeFiles/FreeRTOS.dir/__/__/Middlewares/Third_Party/FreeRTOS/Source/CMSIS_RTOS_V2/cmsis_os2.c.obj
                0x080063f0                osKernelStart
 .text.osThreadNew
                0x0800643c      0x124 cmake/stm32cubemx/CMakeFiles/FreeRTOS.dir/__/__/Middlewares/Third_Party/FreeRTOS/Source/CMSIS_RTOS_V2/cmsis_os2.c.obj
                0x0800643c                osThreadNew
 .text.osDelay  0x08006560       0x36 cmake/stm32cubemx/CMakeFiles/FreeRTOS.dir/__/__/Middlewares/Third_Party/FreeRTOS/Source/CMSIS_RTOS_V2/cmsis_os2.c.obj
                0x08006560                osDelay
 *fill*         0x08006596        0x2 
 .text.vApplicationGetIdleTaskMemory
                0x08006598       0x30 cmake/stm32cubemx/CMakeFiles/FreeRTOS.dir/__/__/Middlewares/Third_Party/FreeRTOS/Source/CMSIS_RTOS_V2/cmsis_os2.c.obj
                0x08006598                vApplicationGetIdleTaskMemory
 .text.vApplicationGetTimerTaskMemory
                0x080065c8       0x34 cmake/stm32cubemx/CMakeFiles/FreeRTOS.dir/__/__/Middlewares/Third_Party/FreeRTOS/Source/CMSIS_RTOS_V2/cmsis_os2.c.obj
                0x080065c8                vApplicationGetTimerTaskMemory
 .text.pvPortMalloc
                0x080065fc      0x19c cmake/stm32cubemx/CMakeFiles/FreeRTOS.dir/__/__/Middlewares/Third_Party/FreeRTOS/Source/portable/MemMang/heap_4.c.obj
                0x080065fc                pvPortMalloc
 .text.vPortFree
                0x08006798       0xc8 cmake/stm32cubemx/CMakeFiles/FreeRTOS.dir/__/__/Middlewares/Third_Party/FreeRTOS/Source/portable/MemMang/heap_4.c.obj
                0x08006798                vPortFree
 .text.prvHeapInit
                0x08006860       0xc4 cmake/stm32cubemx/CMakeFiles/FreeRTOS.dir/__/__/Middlewares/Third_Party/FreeRTOS/Source/portable/MemMang/heap_4.c.obj
 .text.prvInsertBlockIntoFreeList
                0x08006924       0xb0 cmake/stm32cubemx/CMakeFiles/FreeRTOS.dir/__/__/Middlewares/Third_Party/FreeRTOS/Source/portable/MemMang/heap_4.c.obj
 .text.pxPortInitialiseStack
                0x080069d4       0x58 cmake/stm32cubemx/CMakeFiles/FreeRTOS.dir/__/__/Middlewares/Third_Party/FreeRTOS/Source/portable/GCC/ARM_CM3/port.c.obj
                0x080069d4                pxPortInitialiseStack
 .text.prvTaskExitError
                0x08006a2c       0x58 cmake/stm32cubemx/CMakeFiles/FreeRTOS.dir/__/__/Middlewares/Third_Party/FreeRTOS/Source/portable/GCC/ARM_CM3/port.c.obj
 *fill*         0x08006a84        0xc 
 .text.SVC_Handler
                0x08006a90       0x28 cmake/stm32cubemx/CMakeFiles/FreeRTOS.dir/__/__/Middlewares/Third_Party/FreeRTOS/Source/portable/GCC/ARM_CM3/port.c.obj
                0x08006a90                SVC_Handler
 .text.prvPortStartFirstTask
                0x08006ab8       0x20 cmake/stm32cubemx/CMakeFiles/FreeRTOS.dir/__/__/Middlewares/Third_Party/FreeRTOS/Source/portable/GCC/ARM_CM3/port.c.obj
 .text.xPortStartScheduler
                0x08006ad8       0xe4 cmake/stm32cubemx/CMakeFiles/FreeRTOS.dir/__/__/Middlewares/Third_Party/FreeRTOS/Source/portable/GCC/ARM_CM3/port.c.obj
                0x08006ad8                xPortStartScheduler
 .text.vPortEnterCritical
                0x08006bbc       0x60 cmake/stm32cubemx/CMakeFiles/FreeRTOS.dir/__/__/Middlewares/Third_Party/FreeRTOS/Source/portable/GCC/ARM_CM3/port.c.obj
                0x08006bbc                vPortEnterCritical
 .text.vPortExitCritical
                0x08006c1c       0x54 cmake/stm32cubemx/CMakeFiles/FreeRTOS.dir/__/__/Middlewares/Third_Party/FreeRTOS/Source/portable/GCC/ARM_CM3/port.c.obj
                0x08006c1c                vPortExitCritical
 .text.PendSV_Handler
                0x08006c70       0x48 cmake/stm32cubemx/CMakeFiles/FreeRTOS.dir/__/__/Middlewares/Third_Party/FreeRTOS/Source/portable/GCC/ARM_CM3/port.c.obj
                0x08006c70                PendSV_Handler
 .text.xPortSysTickHandler
                0x08006cb8       0x44 cmake/stm32cubemx/CMakeFiles/FreeRTOS.dir/__/__/Middlewares/Third_Party/FreeRTOS/Source/portable/GCC/ARM_CM3/port.c.obj
                0x08006cb8                xPortSysTickHandler
 .text.vPortSetupTimerInterrupt
                0x08006cfc       0x44 cmake/stm32cubemx/CMakeFiles/FreeRTOS.dir/__/__/Middlewares/Third_Party/FreeRTOS/Source/portable/GCC/ARM_CM3/port.c.obj
                0x08006cfc                vPortSetupTimerInterrupt
 .text.vPortValidateInterruptPriority
                0x08006d40       0x80 cmake/stm32cubemx/CMakeFiles/FreeRTOS.dir/__/__/Middlewares/Third_Party/FreeRTOS/Source/portable/GCC/ARM_CM3/port.c.obj
                0x08006d40                vPortValidateInterruptPriority
 .text.main     0x08006dc0       0x34 CMakeFiles/Butterfly_Motor.dir/Core/Src/main.c.obj
                0x08006dc0                main
 .text.SystemClock_Config
                0x08006df4       0xae CMakeFiles/Butterfly_Motor.dir/Core/Src/main.c.obj
                0x08006df4                SystemClock_Config
 *fill*         0x08006ea2        0x2 
 .text.HAL_TIM_PeriodElapsedCallback
                0x08006ea4       0x24 CMakeFiles/Butterfly_Motor.dir/Core/Src/main.c.obj
                0x08006ea4                HAL_TIM_PeriodElapsedCallback
 .text.Error_Handler
                0x08006ec8        0xc CMakeFiles/Butterfly_Motor.dir/Core/Src/main.c.obj
                0x08006ec8                Error_Handler
 .text.MX_GPIO_Init
                0x08006ed4       0x7c CMakeFiles/Butterfly_Motor.dir/Core/Src/gpio.c.obj
                0x08006ed4                MX_GPIO_Init
 .text.MX_FREERTOS_Init
                0x08006f50       0x24 CMakeFiles/Butterfly_Motor.dir/Core/Src/freertos.c.obj
                0x08006f50                MX_FREERTOS_Init
 .text.StartDefaultTask
                0x08006f74       0x20 CMakeFiles/Butterfly_Motor.dir/Core/Src/freertos.c.obj
                0x08006f74                StartDefaultTask
 .text.MX_ADC1_Init
                0x08006f94       0xd4 CMakeFiles/Butterfly_Motor.dir/Core/Src/adc.c.obj
                0x08006f94                MX_ADC1_Init
 .text.HAL_ADC_MspInit
                0x08007068       0xe0 CMakeFiles/Butterfly_Motor.dir/Core/Src/adc.c.obj
                0x08007068                HAL_ADC_MspInit
 .text.MX_DMA_Init
                0x08007148       0x4c CMakeFiles/Butterfly_Motor.dir/Core/Src/dma.c.obj
                0x08007148                MX_DMA_Init
 .text.MX_TIM3_Init
                0x08007194       0xf4 CMakeFiles/Butterfly_Motor.dir/Core/Src/tim.c.obj
                0x08007194                MX_TIM3_Init
 .text.HAL_TIM_PWM_MspInit
                0x08007288       0x3c CMakeFiles/Butterfly_Motor.dir/Core/Src/tim.c.obj
                0x08007288                HAL_TIM_PWM_MspInit
 .text.HAL_TIM_MspPostInit
                0x080072c4       0x98 CMakeFiles/Butterfly_Motor.dir/Core/Src/tim.c.obj
                0x080072c4                HAL_TIM_MspPostInit
 .text.MX_USART1_UART_Init
                0x0800735c       0x54 CMakeFiles/Butterfly_Motor.dir/Core/Src/usart.c.obj
                0x0800735c                MX_USART1_UART_Init
 .text.HAL_UART_MspInit
                0x080073b0       0xfc CMakeFiles/Butterfly_Motor.dir/Core/Src/usart.c.obj
                0x080073b0                HAL_UART_MspInit
 .text.NMI_Handler
                0x080074ac        0x8 CMakeFiles/Butterfly_Motor.dir/Core/Src/stm32f1xx_it.c.obj
                0x080074ac                NMI_Handler
 .text.HardFault_Handler
                0x080074b4        0x8 CMakeFiles/Butterfly_Motor.dir/Core/Src/stm32f1xx_it.c.obj
                0x080074b4                HardFault_Handler
 .text.MemManage_Handler
                0x080074bc        0x8 CMakeFiles/Butterfly_Motor.dir/Core/Src/stm32f1xx_it.c.obj
                0x080074bc                MemManage_Handler
 .text.BusFault_Handler
                0x080074c4        0x8 CMakeFiles/Butterfly_Motor.dir/Core/Src/stm32f1xx_it.c.obj
                0x080074c4                BusFault_Handler
 .text.UsageFault_Handler
                0x080074cc        0x8 CMakeFiles/Butterfly_Motor.dir/Core/Src/stm32f1xx_it.c.obj
                0x080074cc                UsageFault_Handler
 .text.DebugMon_Handler
                0x080074d4        0xc CMakeFiles/Butterfly_Motor.dir/Core/Src/stm32f1xx_it.c.obj
                0x080074d4                DebugMon_Handler
 .text.DMA1_Channel1_IRQHandler
                0x080074e0       0x14 CMakeFiles/Butterfly_Motor.dir/Core/Src/stm32f1xx_it.c.obj
                0x080074e0                DMA1_Channel1_IRQHandler
 .text.DMA1_Channel5_IRQHandler
                0x080074f4       0x14 CMakeFiles/Butterfly_Motor.dir/Core/Src/stm32f1xx_it.c.obj
                0x080074f4                DMA1_Channel5_IRQHandler
 .text.ADC1_2_IRQHandler
                0x08007508       0x14 CMakeFiles/Butterfly_Motor.dir/Core/Src/stm32f1xx_it.c.obj
                0x08007508                ADC1_2_IRQHandler
 .text.TIM4_IRQHandler
                0x0800751c       0x14 CMakeFiles/Butterfly_Motor.dir/Core/Src/stm32f1xx_it.c.obj
                0x0800751c                TIM4_IRQHandler
 .text.USART1_IRQHandler
                0x08007530       0x14 CMakeFiles/Butterfly_Motor.dir/Core/Src/stm32f1xx_it.c.obj
                0x08007530                USART1_IRQHandler
 .text.HAL_MspInit
                0x08007544       0x70 CMakeFiles/Butterfly_Motor.dir/Core/Src/stm32f1xx_hal_msp.c.obj
                0x08007544                HAL_MspInit
 .text.HAL_InitTick
                0x080075b4       0xfc CMakeFiles/Butterfly_Motor.dir/Core/Src/stm32f1xx_hal_timebase_tim.c.obj
                0x080075b4                HAL_InitTick
 .text._sbrk    0x080076b0       0x6c CMakeFiles/Butterfly_Motor.dir/Core/Src/sysmem.c.obj
                0x080076b0                _sbrk
 .text.Reset_Handler
                0x0800771c       0x48 CMakeFiles/Butterfly_Motor.dir/startup_stm32f103xb.s.obj
                0x0800771c                Reset_Handler
 .text.Default_Handler
                0x08007764        0x2 CMakeFiles/Butterfly_Motor.dir/startup_stm32f103xb.s.obj
                0x08007764                RTC_Alarm_IRQHandler
                0x08007764                EXTI2_IRQHandler
                0x08007764                TIM1_CC_IRQHandler
                0x08007764                PVD_IRQHandler
                0x08007764                EXTI3_IRQHandler
                0x08007764                EXTI0_IRQHandler
                0x08007764                I2C2_EV_IRQHandler
                0x08007764                SPI1_IRQHandler
                0x08007764                TAMPER_IRQHandler
                0x08007764                DMA1_Channel4_IRQHandler
                0x08007764                USART3_IRQHandler
                0x08007764                RTC_IRQHandler
                0x08007764                DMA1_Channel7_IRQHandler
                0x08007764                CAN1_RX1_IRQHandler
                0x08007764                I2C1_EV_IRQHandler
                0x08007764                DMA1_Channel6_IRQHandler
                0x08007764                TIM3_IRQHandler
                0x08007764                RCC_IRQHandler
                0x08007764                TIM1_TRG_COM_IRQHandler
                0x08007764                Default_Handler
                0x08007764                EXTI15_10_IRQHandler
                0x08007764                EXTI9_5_IRQHandler
                0x08007764                SPI2_IRQHandler
                0x08007764                EXTI4_IRQHandler
                0x08007764                USB_LP_CAN1_RX0_IRQHandler
                0x08007764                USB_HP_CAN1_TX_IRQHandler
                0x08007764                DMA1_Channel3_IRQHandler
                0x08007764                TIM1_UP_IRQHandler
                0x08007764                WWDG_IRQHandler
                0x08007764                TIM2_IRQHandler
                0x08007764                TIM1_BRK_IRQHandler
                0x08007764                EXTI1_IRQHandler
                0x08007764                USART2_IRQHandler
                0x08007764                I2C2_ER_IRQHandler
                0x08007764                DMA1_Channel2_IRQHandler
                0x08007764                CAN1_SCE_IRQHandler
                0x08007764                FLASH_IRQHandler
                0x08007764                I2C1_ER_IRQHandler
                0x08007764                USBWakeUp_IRQHandler
 *fill*         0x08007766        0x2 
 .text.OSTask_Init
                0x08007768       0x5c CMakeFiles/Butterfly_Motor.dir/User/application/butterfly.c.obj
                0x08007768                OSTask_Init
 .text.motorTASK
                0x080077c4       0x16 CMakeFiles/Butterfly_Motor.dir/User/application/butterfly.c.obj
                0x080077c4                motorTASK
 .text.butterflyTASK
                0x080077da       0x16 CMakeFiles/Butterfly_Motor.dir/User/application/butterfly.c.obj
                0x080077da                butterflyTASK
 .text.daemonTASK
                0x080077f0       0x16 CMakeFiles/Butterfly_Motor.dir/User/application/butterfly.c.obj
                0x080077f0                daemonTASK
 *fill*         0x08007806        0x2 
 .text.Butterfly_Init
                0x08007808      0x244 CMakeFiles/Butterfly_Motor.dir/User/application/butterfly.c.obj
                0x08007808                Butterfly_Init
 .text.RemoteControl
                0x08007a4c      0x144 CMakeFiles/Butterfly_Motor.dir/User/application/butterfly.c.obj
 .text.Adc_Cal  0x08007b90      0x104 CMakeFiles/Butterfly_Motor.dir/User/application/butterfly.c.obj
                0x08007b90                Adc_Cal
 .text.Butterfly_Task
                0x08007c94       0x10 CMakeFiles/Butterfly_Motor.dir/User/application/butterfly.c.obj
                0x08007c94                Butterfly_Task
 .text.DaemonInit
                0x08007ca4       0x58 CMakeFiles/Butterfly_Motor.dir/User/modules/daemon.c.obj
                0x08007ca4                DaemonInit
 .text.DaemonTask
                0x08007cfc       0x60 CMakeFiles/Butterfly_Motor.dir/User/modules/daemon.c.obj
                0x08007cfc                DaemonTask
 .text.float_Map
                0x08007d5c       0x82 CMakeFiles/Butterfly_Motor.dir/User/modules/elrs.c.obj
                0x08007d5c                float_Map
 .text.float_Map_with_median
                0x08007dde       0xa8 CMakeFiles/Butterfly_Motor.dir/User/modules/elrs.c.obj
                0x08007dde                float_Map_with_median
 *fill*         0x08007e86        0x2 
 .text.ELRS_UARTE_RxCallback
                0x08007e88      0x4b8 CMakeFiles/Butterfly_Motor.dir/User/modules/elrs.c.obj
 .text.ELRS_LostCallback
                0x08008340       0x44 CMakeFiles/Butterfly_Motor.dir/User/modules/elrs.c.obj
 .text.REMOTE_ELRS_Init
                0x08008384       0x60 CMakeFiles/Butterfly_Motor.dir/User/modules/elrs.c.obj
                0x08008384                REMOTE_ELRS_Init
 .text.Motor_Init
                0x080083e4       0xa4 CMakeFiles/Butterfly_Motor.dir/User/modules/motor.c.obj
                0x080083e4                Motor_Init
 .text.MotorDrive
                0x08008488      0x174 CMakeFiles/Butterfly_Motor.dir/User/modules/motor.c.obj
                0x08008488                MotorDrive
 .text.Deal_Angle
                0x080085fc       0x60 CMakeFiles/Butterfly_Motor.dir/User/modules/motor.c.obj
                0x080085fc                Deal_Angle
 .text.MotorTask
                0x0800865c      0x130 CMakeFiles/Butterfly_Motor.dir/User/modules/motor.c.obj
                0x0800865c                MotorTask
 .text.Pid_T_Intergral
                0x0800878c       0x52 CMakeFiles/Butterfly_Motor.dir/User/modules/pid.c.obj
 .text.Pid_Change_I
                0x080087de       0x9a CMakeFiles/Butterfly_Motor.dir/User/modules/pid.c.obj
 .text.Pid_IntegralLimit
                0x08008878       0xf4 CMakeFiles/Butterfly_Motor.dir/User/modules/pid.c.obj
 .text.Pid_Derivative_On_Measurement
                0x0800896c       0x46 CMakeFiles/Butterfly_Motor.dir/User/modules/pid.c.obj
 .text.Pid_Derivative_Filter
                0x080089b2       0x82 CMakeFiles/Butterfly_Motor.dir/User/modules/pid.c.obj
 .text.Pid_Output_Filter
                0x08008a34       0x82 CMakeFiles/Butterfly_Motor.dir/User/modules/pid.c.obj
 .text.OutputLimit
                0x08008ab6       0x58 CMakeFiles/Butterfly_Motor.dir/User/modules/pid.c.obj
 .text.PIDCalculate
                0x08008b0e      0x1b4 CMakeFiles/Butterfly_Motor.dir/User/modules/pid.c.obj
                0x08008b0e                PIDCalculate
 *fill*         0x08008cc2        0x2 
 .text.UART_Init
                0x08008cc4       0x88 CMakeFiles/Butterfly_Motor.dir/User/bsp/bsp_uart.c.obj
                0x08008cc4                UART_Init
 .text.HAL_UARTEx_RxEventCallback
                0x08008d4c       0xcc CMakeFiles/Butterfly_Motor.dir/User/bsp/bsp_uart.c.obj
                0x08008d4c                HAL_UARTEx_RxEventCallback
 .text.BSP_ADC_Init
                0x08008e18       0x40 CMakeFiles/Butterfly_Motor.dir/User/bsp/bsp_adc.c.obj
                0x08008e18                BSP_ADC_Init
 .text.BSP_ADC_ReadSnapshot
                0x08008e58       0x74 CMakeFiles/Butterfly_Motor.dir/User/bsp/bsp_adc.c.obj
                0x08008e58                BSP_ADC_ReadSnapshot
 .text.HAL_ADC_ConvCpltCallback
                0x08008ecc       0x58 CMakeFiles/Butterfly_Motor.dir/User/bsp/bsp_adc.c.obj
                0x08008ecc                HAL_ADC_ConvCpltCallback
 .text.DWT_CNT_Update
                0x08008f24       0x58 CMakeFiles/Butterfly_Motor.dir/User/bsp/dwt.c.obj
 .text.DWT_Init
                0x08008f7c       0x74 CMakeFiles/Butterfly_Motor.dir/User/bsp/dwt.c.obj
                0x08008f7c                DWT_Init
 .text.DWT_GetDeltaT_s
                0x08008ff0       0x54 CMakeFiles/Butterfly_Motor.dir/User/bsp/dwt.c.obj
                0x08008ff0                DWT_GetDeltaT_s
 .text.arm_cos_f32
                0x08009044       0xa0 D:/YueLu/projects/F103/Butterfly_Motor/cmake/stm32cubemx/../../Middlewares/ST/ARM/DSP/Lib/libarm_cortexM3l_math.a(arm_cos_f32.o)
                0x08009044                arm_cos_f32
 .text.malloc   0x080090e4       0x10 D:/stm32/config/arm-gnu-toolchain-14.3/bin/../lib/gcc/arm-none-eabi/14.3.1/../../../../arm-none-eabi/lib/thumb/v7-m/nofp\libg_nano.a(libc_a-malloc.o)
                0x080090e4                malloc
 .text.sbrk_aligned
                0x080090f4       0x44 D:/stm32/config/arm-gnu-toolchain-14.3/bin/../lib/gcc/arm-none-eabi/14.3.1/../../../../arm-none-eabi/lib/thumb/v7-m/nofp\libg_nano.a(libc_a-mallocr.o)
 .text._malloc_r
                0x08009138      0x100 D:/stm32/config/arm-gnu-toolchain-14.3/bin/../lib/gcc/arm-none-eabi/14.3.1/../../../../arm-none-eabi/lib/thumb/v7-m/nofp\libg_nano.a(libc_a-mallocr.o)
                0x08009138                _malloc_r
 .text.__malloc_lock
                0x08009238        0xc D:/stm32/config/arm-gnu-toolchain-14.3/bin/../lib/gcc/arm-none-eabi/14.3.1/../../../../arm-none-eabi/lib/thumb/v7-m/nofp\libg_nano.a(libc_a-mlock.o)
                0x08009238                __malloc_lock
 .text.__malloc_unlock
                0x08009244        0xc D:/stm32/config/arm-gnu-toolchain-14.3/bin/../lib/gcc/arm-none-eabi/14.3.1/../../../../arm-none-eabi/lib/thumb/v7-m/nofp\libg_nano.a(libc_a-mlock.o)
                0x08009244                __malloc_unlock
 .text.memset   0x08009250       0x10 D:/stm32/config/arm-gnu-toolchain-14.3/bin/../lib/gcc/arm-none-eabi/14.3.1/../../../../arm-none-eabi/lib/thumb/v7-m/nofp\libg_nano.a(libc_a-memset.o)
                0x08009250                memset
 .text._sbrk_r  0x08009260       0x20 D:/stm32/config/arm-gnu-toolchain-14.3/bin/../lib/gcc/arm-none-eabi/14.3.1/../../../../arm-none-eabi/lib/thumb/v7-m/nofp\libg_nano.a(libc_a-sbrkr.o)
                0x08009260                _sbrk_r
 .text.__errno  0x08009280        0xc D:/stm32/config/arm-gnu-toolchain-14.3/bin/../lib/gcc/arm-none-eabi/14.3.1/../../../../arm-none-eabi/lib/thumb/v7-m/nofp\libg_nano.a(libc_a-errno.o)
                0x08009280                __errno
 .text.__libc_init_array
                0x0800928c       0x48 D:/stm32/config/arm-gnu-toolchain-14.3/bin/../lib/gcc/arm-none-eabi/14.3.1/../../../../arm-none-eabi/lib/thumb/v7-m/nofp\libg_nano.a(libc_a-init.o)
                0x0800928c                __libc_init_array
 .text.__retarget_lock_acquire_recursive
                0x080092d4        0x2 D:/stm32/config/arm-gnu-toolchain-14.3/bin/../lib/gcc/arm-none-eabi/14.3.1/../../../../arm-none-eabi/lib/thumb/v7-m/nofp\libg_nano.a(libc_a-lock.o)
                0x080092d4                __retarget_lock_acquire_recursive
 .text.__retarget_lock_release_recursive
                0x080092d6        0x2 D:/stm32/config/arm-gnu-toolchain-14.3/bin/../lib/gcc/arm-none-eabi/14.3.1/../../../../arm-none-eabi/lib/thumb/v7-m/nofp\libg_nano.a(libc_a-lock.o)
                0x080092d6                __retarget_lock_release_recursive
 .text.memcpy   0x080092d8       0x1c D:/stm32/config/arm-gnu-toolchain-14.3/bin/../lib/gcc/arm-none-eabi/14.3.1/../../../../arm-none-eabi/lib/thumb/v7-m/nofp\libg_nano.a(libc_a-memcpy-stub.o)
                0x080092d8                memcpy
 *(.glue_7)
 .glue_7        0x080092f4        0x0 linker stubs
 *(.glue_7t)
 .glue_7t       0x080092f4        0x0 linker stubs
 *(.eh_frame)
 .eh_frame      0x080092f4        0x0 D:/stm32/config/arm-gnu-toolchain-14.3/bin/../lib/gcc/arm-none-eabi/14.3.1/thumb/v7-m/nofp/crtbegin.o
 *(.init)
 .init          0x080092f4        0x4 D:/stm32/config/arm-gnu-toolchain-14.3/bin/../lib/gcc/arm-none-eabi/14.3.1/thumb/v7-m/nofp/crti.o
                0x080092f4                _init
 .init          0x080092f8        0x8 D:/stm32/config/arm-gnu-toolchain-14.3/bin/../lib/gcc/arm-none-eabi/14.3.1/thumb/v7-m/nofp/crtn.o
 *(.fini)
 .fini          0x08009300        0x4 D:/stm32/config/arm-gnu-toolchain-14.3/bin/../lib/gcc/arm-none-eabi/14.3.1/thumb/v7-m/nofp/crti.o
                0x08009300                _fini
 .fini          0x08009304        0x8 D:/stm32/config/arm-gnu-toolchain-14.3/bin/../lib/gcc/arm-none-eabi/14.3.1/thumb/v7-m/nofp/crtn.o
                0x0800930c                        . = ALIGN (0x4)
                0x0800930c                        _etext = .

.vfp11_veneer   0x0800930c        0x0
 .vfp11_veneer  0x0800930c        0x0 linker stubs

.v4_bx          0x0800930c        0x0
 .v4_bx         0x0800930c        0x0 linker stubs

.iplt           0x0800930c        0x0
 .iplt          0x0800930c        0x0 D:/stm32/config/arm-gnu-toolchain-14.3/bin/../lib/gcc/arm-none-eabi/14.3.1/thumb/v7-m/nofp/crtbegin.o

.rodata         0x0800930c      0x92c
                0x0800930c                        . = ALIGN (0x4)
 *(.rodata)
 .rodata        0x0800930c        0x5 cmake/stm32cubemx/CMakeFiles/FreeRTOS.dir/__/__/Middlewares/Third_Party/FreeRTOS/Source/tasks.c.obj
 *fill*         0x08009311        0x3 
 .rodata        0x08009314        0xd cmake/stm32cubemx/CMakeFiles/FreeRTOS.dir/__/__/Middlewares/Third_Party/FreeRTOS/Source/timers.c.obj
 *fill*         0x08009321        0x3 
 .rodata        0x08009324        0xc CMakeFiles/Butterfly_Motor.dir/Core/Src/freertos.c.obj
 .rodata        0x08009330       0x27 CMakeFiles/Butterfly_Motor.dir/User/application/butterfly.c.obj
 *fill*         0x08009357        0x1 
 .rodata        0x08009358        0xc CMakeFiles/Butterfly_Motor.dir/User/modules/elrs.c.obj
 *(.rodata*)
 .rodata.AHBPrescTable
                0x08009364       0x10 cmake/stm32cubemx/CMakeFiles/STM32_Drivers.dir/__/__/Core/Src/system_stm32f1xx.c.obj
                0x08009364                AHBPrescTable
 .rodata.APBPrescTable
                0x08009374        0x8 cmake/stm32cubemx/CMakeFiles/STM32_Drivers.dir/__/__/Core/Src/system_stm32f1xx.c.obj
                0x08009374                APBPrescTable
 .rodata.aPLLMULFactorTable.1
                0x0800937c       0x10 cmake/stm32cubemx/CMakeFiles/STM32_Drivers.dir/__/__/Drivers/STM32F1xx_HAL_Driver/Src/stm32f1xx_hal_rcc.c.obj
 .rodata.aPredivFactorTable.0
                0x0800938c        0x2 cmake/stm32cubemx/CMakeFiles/STM32_Drivers.dir/__/__/Drivers/STM32F1xx_HAL_Driver/Src/stm32f1xx_hal_rcc.c.obj
 *fill*         0x0800938e        0x2 
 .rodata.aPLLMULFactorTable.1
                0x08009390       0x10 cmake/stm32cubemx/CMakeFiles/STM32_Drivers.dir/__/__/Drivers/STM32F1xx_HAL_Driver/Src/stm32f1xx_hal_rcc_ex.c.obj
 .rodata.aPredivFactorTable.0
                0x080093a0        0x2 cmake/stm32cubemx/CMakeFiles/STM32_Drivers.dir/__/__/Drivers/STM32F1xx_HAL_Driver/Src/stm32f1xx_hal_rcc_ex.c.obj
 *fill*         0x080093a2        0x2 
 .rodata.defaultTask_attributes
                0x080093a4       0x24 CMakeFiles/Butterfly_Motor.dir/Core/Src/freertos.c.obj
                0x080093a4                defaultTask_attributes
 .rodata.motorTask_attributes
                0x080093c8       0x24 CMakeFiles/Butterfly_Motor.dir/User/application/butterfly.c.obj
                0x080093c8                motorTask_attributes
 .rodata.butterflyTask_attributes
                0x080093ec       0x24 CMakeFiles/Butterfly_Motor.dir/User/application/butterfly.c.obj
                0x080093ec                butterflyTask_attributes
 .rodata.daemonTask_attributes
                0x08009410       0x24 CMakeFiles/Butterfly_Motor.dir/User/application/butterfly.c.obj
                0x08009410                daemonTask_attributes
 .rodata.sinTable_f32
                0x08009434      0x804 D:/YueLu/projects/F103/Butterfly_Motor/cmake/stm32cubemx/../../Middlewares/ST/ARM/DSP/Lib/libarm_cortexM3l_math.a(arm_common_tables.o)
                0x08009434                sinTable_f32
                0x08009c38                        . = ALIGN (0x4)

.ARM.extab      0x08009c38        0x0
                0x08009c38                        . = ALIGN (0x4)
 *(.ARM.extab* .gnu.linkonce.armextab.*)
                0x08009c38                        . = ALIGN (0x4)

.ARM            0x08009c38        0x0
                0x08009c38                        . = ALIGN (0x4)
                0x08009c38                        __exidx_start = .
 *(.ARM.exidx*)
                0x08009c38                        __exidx_end = .
                0x08009c38                        . = ALIGN (0x4)

.preinit_array  0x08009c38        0x0
                0x08009c38                        . = ALIGN (0x4)
                0x08009c38                        PROVIDE (__preinit_array_start = .)
 *(.preinit_array*)
                0x08009c38                        PROVIDE (__preinit_array_end = .)
                0x08009c38                        . = ALIGN (0x4)

.init_array     0x08009c38        0x4
                0x08009c38                        . = ALIGN (0x4)
                0x08009c38                        PROVIDE (__init_array_start = .)
 *(SORT_BY_NAME(.init_array.*))
 *(.init_array*)
 .init_array    0x08009c38        0x4 D:/stm32/config/arm-gnu-toolchain-14.3/bin/../lib/gcc/arm-none-eabi/14.3.1/thumb/v7-m/nofp/crtbegin.o
                0x08009c3c                        PROVIDE (__init_array_end = .)
                0x08009c3c                        . = ALIGN (0x4)

.fini_array     0x08009c3c        0x4
                0x08009c3c                        . = ALIGN (0x4)
                [!provide]                        PROVIDE (__fini_array_start = .)
 *(SORT_BY_NAME(.fini_array.*))
 *(.fini_array*)
 .fini_array    0x08009c3c        0x4 D:/stm32/config/arm-gnu-toolchain-14.3/bin/../lib/gcc/arm-none-eabi/14.3.1/thumb/v7-m/nofp/crtbegin.o
                [!provide]                        PROVIDE (__fini_array_end = .)
                0x08009c40                        . = ALIGN (0x4)
                0x08009c40                        _sidata = LOADADDR (.data)

.rel.dyn        0x08009c40        0x0
 .rel.iplt      0x08009c40        0x0 D:/stm32/config/arm-gnu-toolchain-14.3/bin/../lib/gcc/arm-none-eabi/14.3.1/thumb/v7-m/nofp/crtbegin.o

.data           0x20000000       0x74 load address 0x08009c40
                0x20000000                        . = ALIGN (0x4)
                0x20000000                        _sdata = .
 *(.data)
 *(.data*)
 .data.SystemCoreClock
                0x20000000        0x4 cmake/stm32cubemx/CMakeFiles/STM32_Drivers.dir/__/__/Core/Src/system_stm32f1xx.c.obj
                0x20000000                SystemCoreClock
 .data.uwTickPrio
                0x20000004        0x4 cmake/stm32cubemx/CMakeFiles/STM32_Drivers.dir/__/__/Drivers/STM32F1xx_HAL_Driver/Src/stm32f1xx_hal.c.obj
                0x20000004                uwTickPrio
 .data.uwTickFreq
                0x20000008        0x1 cmake/stm32cubemx/CMakeFiles/STM32_Drivers.dir/__/__/Drivers/STM32F1xx_HAL_Driver/Src/stm32f1xx_hal.c.obj
                0x20000008                uwTickFreq
 *fill*         0x20000009        0x3 
 .data.uxCriticalNesting
                0x2000000c        0x4 cmake/stm32cubemx/CMakeFiles/FreeRTOS.dir/__/__/Middlewares/Third_Party/FreeRTOS/Source/portable/GCC/ARM_CM3/port.c.obj
 .data.w        0x20000010        0x4 CMakeFiles/Butterfly_Motor.dir/User/application/butterfly.c.obj
 .data.Al       0x20000014        0x4 CMakeFiles/Butterfly_Motor.dir/User/application/butterfly.c.obj
 .data.bl       0x20000018        0x4 CMakeFiles/Butterfly_Motor.dir/User/application/butterfly.c.obj
 .data.Ar       0x2000001c        0x4 CMakeFiles/Butterfly_Motor.dir/User/application/butterfly.c.obj
 .data.br       0x20000020        0x4 CMakeFiles/Butterfly_Motor.dir/User/application/butterfly.c.obj
 .data._impure_ptr
                0x20000024        0x4 D:/stm32/config/arm-gnu-toolchain-14.3/bin/../lib/gcc/arm-none-eabi/14.3.1/../../../../arm-none-eabi/lib/thumb/v7-m/nofp\libg_nano.a(libc_a-impure.o)
                0x20000024                _impure_ptr
 .data._impure_data
                0x20000028       0x4c D:/stm32/config/arm-gnu-toolchain-14.3/bin/../lib/gcc/arm-none-eabi/14.3.1/../../../../arm-none-eabi/lib/thumb/v7-m/nofp\libg_nano.a(libc_a-impure.o)
                0x20000028                _impure_data
 *(.RamFunc)
 *(.RamFunc*)
                0x20000074                        . = ALIGN (0x4)

.tm_clone_table
                0x20000074        0x0 load address 0x08009cb4
 .tm_clone_table
                0x20000074        0x0 D:/stm32/config/arm-gnu-toolchain-14.3/bin/../lib/gcc/arm-none-eabi/14.3.1/thumb/v7-m/nofp/crtbegin.o
 .tm_clone_table
                0x20000074        0x0 D:/stm32/config/arm-gnu-toolchain-14.3/bin/../lib/gcc/arm-none-eabi/14.3.1/thumb/v7-m/nofp/crtend.o

.igot.plt       0x20000074        0x0 load address 0x08009cb4
 .igot.plt      0x20000074        0x0 D:/stm32/config/arm-gnu-toolchain-14.3/bin/../lib/gcc/arm-none-eabi/14.3.1/thumb/v7-m/nofp/crtbegin.o

.tdata          0x20000074        0x0 load address 0x08009cb4
 *(.tdata .tdata.* .gnu.linkonce.td.*)
                0x20000074                        . = ALIGN (0x4)
                0x20000074                        _edata = .
                [!provide]                        PROVIDE (__data_end = .)
                [!provide]                        PROVIDE (__tdata_end = .)
                [!provide]                        PROVIDE (__tdata_start = ADDR (.tdata))
                [!provide]                        PROVIDE (__tdata_size = (__tdata_end - __tdata_start))
                [!provide]                        PROVIDE (__data_start = ADDR (.data))
                [!provide]                        PROVIDE (__data_size = (__data_end - __data_start))
                [!provide]                        PROVIDE (__tdata_source = LOADADDR (.tdata))
                [!provide]                        PROVIDE (__tdata_source_end = (LOADADDR (.tdata) + SIZEOF (.tdata)))
                [!provide]                        PROVIDE (__tdata_source_size = (__tdata_source_end - __tdata_source))
                [!provide]                        PROVIDE (__data_source = LOADADDR (.data))
                [!provide]                        PROVIDE (__data_source_end = __tdata_source_end)
                [!provide]                        PROVIDE (__data_source_size = (__data_source_end - __data_source))

.tbss           0x20000074        0x0 load address 0x08009cb4
                0x20000074                        _sbss = .
                0x20000074                        __bss_start__ = _sbss
 *(.tbss .tbss.*)
                0x20000074                        . = ALIGN (0x4)
                [!provide]                        PROVIDE (__tbss_end = .)
                [!provide]                        PROVIDE (__tbss_start = ADDR (.tbss))
                [!provide]                        PROVIDE (__tbss_size = (__tbss_end - __tbss_start))
                [!provide]                        PROVIDE (__tbss_offset = (ADDR (.tbss) - ADDR (.tdata)))
                [!provide]                        PROVIDE (__tls_base = __tdata_start)
                [!provide]                        PROVIDE (__tls_end = __tbss_end)
                [!provide]                        PROVIDE (__tls_size = (__tls_end - __tls_base))
                [!provide]                        PROVIDE (__tls_align = MAX (ALIGNOF (.tdata), ALIGNOF (.tbss)))
                [!provide]                        PROVIDE (__tls_size_align = (((__tls_size + __tls_align) - 0x1) & ~ ((__tls_align - 0x1))))
                [!provide]                        PROVIDE (__arm32_tls_tcb_offset = MAX (0x8, __tls_align))
                [!provide]                        PROVIDE (__arm64_tls_tcb_offset = MAX (0x10, __tls_align))

.bss            0x20000074     0x1d90 load address 0x08009cb4
 *(.bss)
 *(.bss*)
 .bss.completed.1
                0x20000074        0x1 D:/stm32/config/arm-gnu-toolchain-14.3/bin/../lib/gcc/arm-none-eabi/14.3.1/thumb/v7-m/nofp/crtbegin.o
 *fill*         0x20000075        0x3 
 .bss.object.0  0x20000078       0x18 D:/stm32/config/arm-gnu-toolchain-14.3/bin/../lib/gcc/arm-none-eabi/14.3.1/thumb/v7-m/nofp/crtbegin.o
 .bss.uwTick    0x20000090        0x4 cmake/stm32cubemx/CMakeFiles/STM32_Drivers.dir/__/__/Drivers/STM32F1xx_HAL_Driver/Src/stm32f1xx_hal.c.obj
                0x20000090                uwTick
 .bss.xQueueRegistry
                0x20000094       0x40 cmake/stm32cubemx/CMakeFiles/FreeRTOS.dir/__/__/Middlewares/Third_Party/FreeRTOS/Source/queue.c.obj
                0x20000094                xQueueRegistry
 .bss.pxCurrentTCB
                0x200000d4        0x4 cmake/stm32cubemx/CMakeFiles/FreeRTOS.dir/__/__/Middlewares/Third_Party/FreeRTOS/Source/tasks.c.obj
                0x200000d4                pxCurrentTCB
 .bss.pxReadyTasksLists
                0x200000d8      0x460 cmake/stm32cubemx/CMakeFiles/FreeRTOS.dir/__/__/Middlewares/Third_Party/FreeRTOS/Source/tasks.c.obj
 .bss.xDelayedTaskList1
                0x20000538       0x14 cmake/stm32cubemx/CMakeFiles/FreeRTOS.dir/__/__/Middlewares/Third_Party/FreeRTOS/Source/tasks.c.obj
 .bss.xDelayedTaskList2
                0x2000054c       0x14 cmake/stm32cubemx/CMakeFiles/FreeRTOS.dir/__/__/Middlewares/Third_Party/FreeRTOS/Source/tasks.c.obj
 .bss.pxDelayedTaskList
                0x20000560        0x4 cmake/stm32cubemx/CMakeFiles/FreeRTOS.dir/__/__/Middlewares/Third_Party/FreeRTOS/Source/tasks.c.obj
 .bss.pxOverflowDelayedTaskList
                0x20000564        0x4 cmake/stm32cubemx/CMakeFiles/FreeRTOS.dir/__/__/Middlewares/Third_Party/FreeRTOS/Source/tasks.c.obj
 .bss.xPendingReadyList
                0x20000568       0x14 cmake/stm32cubemx/CMakeFiles/FreeRTOS.dir/__/__/Middlewares/Third_Party/FreeRTOS/Source/tasks.c.obj
 .bss.xTasksWaitingTermination
                0x2000057c       0x14 cmake/stm32cubemx/CMakeFiles/FreeRTOS.dir/__/__/Middlewares/Third_Party/FreeRTOS/Source/tasks.c.obj
 .bss.uxDeletedTasksWaitingCleanUp
                0x20000590        0x4 cmake/stm32cubemx/CMakeFiles/FreeRTOS.dir/__/__/Middlewares/Third_Party/FreeRTOS/Source/tasks.c.obj
 .bss.xSuspendedTaskList
                0x20000594       0x14 cmake/stm32cubemx/CMakeFiles/FreeRTOS.dir/__/__/Middlewares/Third_Party/FreeRTOS/Source/tasks.c.obj
 .bss.uxCurrentNumberOfTasks
                0x200005a8        0x4 cmake/stm32cubemx/CMakeFiles/FreeRTOS.dir/__/__/Middlewares/Third_Party/FreeRTOS/Source/tasks.c.obj
 .bss.xTickCount
                0x200005ac        0x4 cmake/stm32cubemx/CMakeFiles/FreeRTOS.dir/__/__/Middlewares/Third_Party/FreeRTOS/Source/tasks.c.obj
 .bss.uxTopReadyPriority
                0x200005b0        0x4 cmake/stm32cubemx/CMakeFiles/FreeRTOS.dir/__/__/Middlewares/Third_Party/FreeRTOS/Source/tasks.c.obj
 .bss.xSchedulerRunning
                0x200005b4        0x4 cmake/stm32cubemx/CMakeFiles/FreeRTOS.dir/__/__/Middlewares/Third_Party/FreeRTOS/Source/tasks.c.obj
 .bss.xPendedTicks
                0x200005b8        0x4 cmake/stm32cubemx/CMakeFiles/FreeRTOS.dir/__/__/Middlewares/Third_Party/FreeRTOS/Source/tasks.c.obj
 .bss.xYieldPending
                0x200005bc        0x4 cmake/stm32cubemx/CMakeFiles/FreeRTOS.dir/__/__/Middlewares/Third_Party/FreeRTOS/Source/tasks.c.obj
 .bss.xNumOfOverflows
                0x200005c0        0x4 cmake/stm32cubemx/CMakeFiles/FreeRTOS.dir/__/__/Middlewares/Third_Party/FreeRTOS/Source/tasks.c.obj
 .bss.uxTaskNumber
                0x200005c4        0x4 cmake/stm32cubemx/CMakeFiles/FreeRTOS.dir/__/__/Middlewares/Third_Party/FreeRTOS/Source/tasks.c.obj
 .bss.xNextTaskUnblockTime
                0x200005c8        0x4 cmake/stm32cubemx/CMakeFiles/FreeRTOS.dir/__/__/Middlewares/Third_Party/FreeRTOS/Source/tasks.c.obj
 .bss.xIdleTaskHandle
                0x200005cc        0x4 cmake/stm32cubemx/CMakeFiles/FreeRTOS.dir/__/__/Middlewares/Third_Party/FreeRTOS/Source/tasks.c.obj
 .bss.uxSchedulerSuspended
                0x200005d0        0x4 cmake/stm32cubemx/CMakeFiles/FreeRTOS.dir/__/__/Middlewares/Third_Party/FreeRTOS/Source/tasks.c.obj
 .bss.xActiveTimerList1
                0x200005d4       0x14 cmake/stm32cubemx/CMakeFiles/FreeRTOS.dir/__/__/Middlewares/Third_Party/FreeRTOS/Source/timers.c.obj
 .bss.xActiveTimerList2
                0x200005e8       0x14 cmake/stm32cubemx/CMakeFiles/FreeRTOS.dir/__/__/Middlewares/Third_Party/FreeRTOS/Source/timers.c.obj
 .bss.pxCurrentTimerList
                0x200005fc        0x4 cmake/stm32cubemx/CMakeFiles/FreeRTOS.dir/__/__/Middlewares/Third_Party/FreeRTOS/Source/timers.c.obj
 .bss.pxOverflowTimerList
                0x20000600        0x4 cmake/stm32cubemx/CMakeFiles/FreeRTOS.dir/__/__/Middlewares/Third_Party/FreeRTOS/Source/timers.c.obj
 .bss.xTimerQueue
                0x20000604        0x4 cmake/stm32cubemx/CMakeFiles/FreeRTOS.dir/__/__/Middlewares/Third_Party/FreeRTOS/Source/timers.c.obj
 .bss.xTimerTaskHandle
                0x20000608        0x4 cmake/stm32cubemx/CMakeFiles/FreeRTOS.dir/__/__/Middlewares/Third_Party/FreeRTOS/Source/timers.c.obj
 .bss.xLastTime.2
                0x2000060c        0x4 cmake/stm32cubemx/CMakeFiles/FreeRTOS.dir/__/__/Middlewares/Third_Party/FreeRTOS/Source/timers.c.obj
 .bss.ucStaticTimerQueueStorage.1
                0x20000610       0xa0 cmake/stm32cubemx/CMakeFiles/FreeRTOS.dir/__/__/Middlewares/Third_Party/FreeRTOS/Source/timers.c.obj
 .bss.xStaticTimerQueue.0
                0x200006b0       0x50 cmake/stm32cubemx/CMakeFiles/FreeRTOS.dir/__/__/Middlewares/Third_Party/FreeRTOS/Source/timers.c.obj
 .bss.KernelState
                0x20000700        0x4 cmake/stm32cubemx/CMakeFiles/FreeRTOS.dir/__/__/Middlewares/Third_Party/FreeRTOS/Source/CMSIS_RTOS_V2/cmsis_os2.c.obj
 .bss.Idle_TCB.3
                0x20000704       0x5c cmake/stm32cubemx/CMakeFiles/FreeRTOS.dir/__/__/Middlewares/Third_Party/FreeRTOS/Source/CMSIS_RTOS_V2/cmsis_os2.c.obj
 .bss.Idle_Stack.2
                0x20000760      0x200 cmake/stm32cubemx/CMakeFiles/FreeRTOS.dir/__/__/Middlewares/Third_Party/FreeRTOS/Source/CMSIS_RTOS_V2/cmsis_os2.c.obj
 .bss.Timer_TCB.1
                0x20000960       0x5c cmake/stm32cubemx/CMakeFiles/FreeRTOS.dir/__/__/Middlewares/Third_Party/FreeRTOS/Source/CMSIS_RTOS_V2/cmsis_os2.c.obj
 .bss.Timer_Stack.0
                0x200009bc      0x400 cmake/stm32cubemx/CMakeFiles/FreeRTOS.dir/__/__/Middlewares/Third_Party/FreeRTOS/Source/CMSIS_RTOS_V2/cmsis_os2.c.obj
 .bss.ucHeap    0x20000dbc      0xc00 cmake/stm32cubemx/CMakeFiles/FreeRTOS.dir/__/__/Middlewares/Third_Party/FreeRTOS/Source/portable/MemMang/heap_4.c.obj
 .bss.xStart    0x200019bc        0x8 cmake/stm32cubemx/CMakeFiles/FreeRTOS.dir/__/__/Middlewares/Third_Party/FreeRTOS/Source/portable/MemMang/heap_4.c.obj
 .bss.pxEnd     0x200019c4        0x4 cmake/stm32cubemx/CMakeFiles/FreeRTOS.dir/__/__/Middlewares/Third_Party/FreeRTOS/Source/portable/MemMang/heap_4.c.obj
 .bss.xFreeBytesRemaining
                0x200019c8        0x4 cmake/stm32cubemx/CMakeFiles/FreeRTOS.dir/__/__/Middlewares/Third_Party/FreeRTOS/Source/portable/MemMang/heap_4.c.obj
 .bss.xMinimumEverFreeBytesRemaining
                0x200019cc        0x4 cmake/stm32cubemx/CMakeFiles/FreeRTOS.dir/__/__/Middlewares/Third_Party/FreeRTOS/Source/portable/MemMang/heap_4.c.obj
 .bss.xNumberOfSuccessfulAllocations
                0x200019d0        0x4 cmake/stm32cubemx/CMakeFiles/FreeRTOS.dir/__/__/Middlewares/Third_Party/FreeRTOS/Source/portable/MemMang/heap_4.c.obj
 .bss.xNumberOfSuccessfulFrees
                0x200019d4        0x4 cmake/stm32cubemx/CMakeFiles/FreeRTOS.dir/__/__/Middlewares/Third_Party/FreeRTOS/Source/portable/MemMang/heap_4.c.obj
 .bss.xBlockAllocatedBit
                0x200019d8        0x4 cmake/stm32cubemx/CMakeFiles/FreeRTOS.dir/__/__/Middlewares/Third_Party/FreeRTOS/Source/portable/MemMang/heap_4.c.obj
 .bss.ucMaxSysCallPriority
                0x200019dc        0x1 cmake/stm32cubemx/CMakeFiles/FreeRTOS.dir/__/__/Middlewares/Third_Party/FreeRTOS/Source/portable/GCC/ARM_CM3/port.c.obj
 *fill*         0x200019dd        0x3 
 .bss.ulMaxPRIGROUPValue
                0x200019e0        0x4 cmake/stm32cubemx/CMakeFiles/FreeRTOS.dir/__/__/Middlewares/Third_Party/FreeRTOS/Source/portable/GCC/ARM_CM3/port.c.obj
 .bss.defaultTaskHandle
                0x200019e4        0x4 CMakeFiles/Butterfly_Motor.dir/Core/Src/freertos.c.obj
                0x200019e4                defaultTaskHandle
 .bss.hadc1     0x200019e8       0x30 CMakeFiles/Butterfly_Motor.dir/Core/Src/adc.c.obj
                0x200019e8                hadc1
 .bss.hdma_adc1
                0x20001a18       0x44 CMakeFiles/Butterfly_Motor.dir/Core/Src/adc.c.obj
                0x20001a18                hdma_adc1
 .bss.htim3     0x20001a5c       0x48 CMakeFiles/Butterfly_Motor.dir/Core/Src/tim.c.obj
                0x20001a5c                htim3
 .bss.huart1    0x20001aa4       0x48 CMakeFiles/Butterfly_Motor.dir/Core/Src/usart.c.obj
                0x20001aa4                huart1
 .bss.hdma_usart1_rx
                0x20001aec       0x44 CMakeFiles/Butterfly_Motor.dir/Core/Src/usart.c.obj
                0x20001aec                hdma_usart1_rx
 .bss.htim4     0x20001b30       0x48 CMakeFiles/Butterfly_Motor.dir/Core/Src/stm32f1xx_hal_timebase_tim.c.obj
                0x20001b30                htim4
 .bss.__sbrk_heap_end
                0x20001b78        0x4 CMakeFiles/Butterfly_Motor.dir/Core/Src/sysmem.c.obj
 .bss.motorTaskHandle
                0x20001b7c        0x4 CMakeFiles/Butterfly_Motor.dir/User/application/butterfly.c.obj
                0x20001b7c                motorTaskHandle
 .bss.butterflyTaskHandle
                0x20001b80        0x4 CMakeFiles/Butterfly_Motor.dir/User/application/butterfly.c.obj
                0x20001b80                butterflyTaskHandle
 .bss.daemonTaskHandle
                0x20001b84        0x4 CMakeFiles/Butterfly_Motor.dir/User/application/butterfly.c.obj
                0x20001b84                daemonTaskHandle
 .bss.butterfly_mode
                0x20001b88        0x1 CMakeFiles/Butterfly_Motor.dir/User/application/butterfly.c.obj
 *fill*         0x20001b89        0x3 
 .bss.motor_l   0x20001b8c        0x4 CMakeFiles/Butterfly_Motor.dir/User/application/butterfly.c.obj
 .bss.motor_r   0x20001b90        0x4 CMakeFiles/Butterfly_Motor.dir/User/application/butterfly.c.obj
 .bss.rc_elrs   0x20001b94        0x4 CMakeFiles/Butterfly_Motor.dir/User/application/butterfly.c.obj
 .bss.angle_feedforward_l
                0x20001b98        0x4 CMakeFiles/Butterfly_Motor.dir/User/application/butterfly.c.obj
 .bss.angle_feedforward_r
                0x20001b9c        0x4 CMakeFiles/Butterfly_Motor.dir/User/application/butterfly.c.obj
 .bss.angle_l   0x20001ba0        0x4 CMakeFiles/Butterfly_Motor.dir/User/application/butterfly.c.obj
 .bss.angle_r   0x20001ba4        0x4 CMakeFiles/Butterfly_Motor.dir/User/application/butterfly.c.obj
 .bss.time      0x20001ba8        0x4 CMakeFiles/Butterfly_Motor.dir/User/application/butterfly.c.obj
 .bss.voltage.1
                0x20001bac        0x4 CMakeFiles/Butterfly_Motor.dir/User/application/butterfly.c.obj
 .bss.temperature.0
                0x20001bb0        0x4 CMakeFiles/Butterfly_Motor.dir/User/application/butterfly.c.obj
 .bss.daemon_instances
                0x20001bb4       0x3c CMakeFiles/Butterfly_Motor.dir/User/modules/daemon.c.obj
 .bss.idx       0x20001bf0        0x1 CMakeFiles/Butterfly_Motor.dir/User/modules/daemon.c.obj
 *fill*         0x20001bf1        0x3 
 .bss.elrs_data
                0x20001bf4       0x4c CMakeFiles/Butterfly_Motor.dir/User/modules/elrs.c.obj
 .bss.rc_uart_instance
                0x20001c40        0x4 CMakeFiles/Butterfly_Motor.dir/User/modules/elrs.c.obj
 .bss.rc_daemon_instance
                0x20001c44        0x4 CMakeFiles/Butterfly_Motor.dir/User/modules/elrs.c.obj
 .bss.elrs_data_temp
                0x20001c48       0x1a CMakeFiles/Butterfly_Motor.dir/User/modules/elrs.c.obj
 .bss.idx       0x20001c62        0x1 CMakeFiles/Butterfly_Motor.dir/User/modules/motor.c.obj
 *fill*         0x20001c63        0x1 
 .bss.motor_instance
                0x20001c64       0x10 CMakeFiles/Butterfly_Motor.dir/User/modules/motor.c.obj
 .bss.temp_iout.1
                0x20001c74        0x4 CMakeFiles/Butterfly_Motor.dir/User/modules/pid.c.obj
 .bss.temp_output.0
                0x20001c78        0x4 CMakeFiles/Butterfly_Motor.dir/User/modules/pid.c.obj
 .bss.uart_instance
                0x20001c7c        0x8 CMakeFiles/Butterfly_Motor.dir/User/bsp/bsp_uart.c.obj
 .bss.idx       0x20001c84        0x1 CMakeFiles/Butterfly_Motor.dir/User/bsp/bsp_uart.c.obj
 *fill*         0x20001c85        0x3 
 .bss.uart_rx_cnt
                0x20001c88        0x4 CMakeFiles/Butterfly_Motor.dir/User/bsp/bsp_uart.c.obj
                0x20001c88                uart_rx_cnt
 .bss.adc_dma_value
                0x20001c8c        0x8 CMakeFiles/Butterfly_Motor.dir/User/bsp/bsp_adc.c.obj
 .bss.adc_snapshot
                0x20001c94        0x8 CMakeFiles/Butterfly_Motor.dir/User/bsp/bsp_adc.c.obj
 .bss.adc_snapshot_ready
                0x20001c9c        0x1 CMakeFiles/Butterfly_Motor.dir/User/bsp/bsp_adc.c.obj
 *fill*         0x20001c9d        0x3 
 .bss.adc_owner
                0x20001ca0        0x4 CMakeFiles/Butterfly_Motor.dir/User/bsp/bsp_adc.c.obj
 .bss.CPU_Freq_Hz
                0x20001ca4        0x4 CMakeFiles/Butterfly_Motor.dir/User/bsp/dwt.c.obj
 .bss.CPU_Freq_us
                0x20001ca8        0x4 CMakeFiles/Butterfly_Motor.dir/User/bsp/dwt.c.obj
 .bss.CPU_Freq_ms
                0x20001cac        0x4 CMakeFiles/Butterfly_Motor.dir/User/bsp/dwt.c.obj
 .bss.CYCCNT_RoundCount
                0x20001cb0        0x4 CMakeFiles/Butterfly_Motor.dir/User/bsp/dwt.c.obj
 .bss.CYCCNT_Last
                0x20001cb4        0x4 CMakeFiles/Butterfly_Motor.dir/User/bsp/dwt.c.obj
 .bss.locker.3  0x20001cb8        0x1 CMakeFiles/Butterfly_Motor.dir/User/bsp/dwt.c.obj
 *fill*         0x20001cb9        0x3 
 .bss.__malloc_sbrk_start
                0x20001cbc        0x4 D:/stm32/config/arm-gnu-toolchain-14.3/bin/../lib/gcc/arm-none-eabi/14.3.1/../../../../arm-none-eabi/lib/thumb/v7-m/nofp\libg_nano.a(libc_a-mallocr.o)
                0x20001cbc                __malloc_sbrk_start
 .bss.__malloc_free_list
                0x20001cc0        0x4 D:/stm32/config/arm-gnu-toolchain-14.3/bin/../lib/gcc/arm-none-eabi/14.3.1/../../../../arm-none-eabi/lib/thumb/v7-m/nofp\libg_nano.a(libc_a-mallocr.o)
                0x20001cc0                __malloc_free_list
 .bss.__sf      0x20001cc4      0x138 D:/stm32/config/arm-gnu-toolchain-14.3/bin/../lib/gcc/arm-none-eabi/14.3.1/../../../../arm-none-eabi/lib/thumb/v7-m/nofp\libg_nano.a(libc_a-findfp.o)
                0x20001cc4                __sf
 .bss.errno     0x20001dfc        0x4 D:/stm32/config/arm-gnu-toolchain-14.3/bin/../lib/gcc/arm-none-eabi/14.3.1/../../../../arm-none-eabi/lib/thumb/v7-m/nofp\libg_nano.a(libc_a-reent.o)
                0x20001dfc                errno
 .bss.__lock___malloc_recursive_mutex
                0x20001e00        0x1 D:/stm32/config/arm-gnu-toolchain-14.3/bin/../lib/gcc/arm-none-eabi/14.3.1/../../../../arm-none-eabi/lib/thumb/v7-m/nofp\libg_nano.a(libc_a-lock.o)
                0x20001e00                __lock___malloc_recursive_mutex
 *(COMMON)
                0x20001e04                        . = ALIGN (0x4)
 *fill*         0x20001e01        0x3 
                0x20001e04                        _ebss = .
                0x20001e04                        __bss_end__ = _ebss
                [!provide]                        PROVIDE (__bss_end = .)
                [!provide]                        PROVIDE (__non_tls_bss_start = ADDR (.bss))
                [!provide]                        PROVIDE (__bss_start = __tbss_start)
                [!provide]                        PROVIDE (__bss_size = (__bss_end - __bss_start))

._user_heap_stack
                0x20001e04      0x604 load address 0x08009cb4
                0x20001e08                        . = ALIGN (0x8)
 *fill*         0x20001e04        0x4 
                [!provide]                        PROVIDE (end = .)
                0x20001e08                        PROVIDE (_end = .)
                0x20002008                        . = (. + _Min_Heap_Size)
 *fill*         0x20001e08      0x200 
                0x20002408                        . = (. + _Min_Stack_Size)
 *fill*         0x20002008      0x400 
                0x20002408                        . = ALIGN (0x8)

/DISCARD/
 libc.a:*(*)
 libm.a:*(*)
 libgcc.a:*(*)
OUTPUT(Butterfly_Motor.elf elf32-littlearm)
LOAD linker stubs

.ARM.attributes
                0x00000000       0x29
 .ARM.attributes
                0x00000000       0x1d D:/stm32/config/arm-gnu-toolchain-14.3/bin/../lib/gcc/arm-none-eabi/14.3.1/thumb/v7-m/nofp/crti.o
 .ARM.attributes
                0x0000001d       0x2d D:/stm32/config/arm-gnu-toolchain-14.3/bin/../lib/gcc/arm-none-eabi/14.3.1/thumb/v7-m/nofp/crtbegin.o
 .ARM.attributes
                0x0000004a       0x2d cmake/stm32cubemx/CMakeFiles/STM32_Drivers.dir/__/__/Core/Src/system_stm32f1xx.c.obj
 .ARM.attributes
                0x00000077       0x2d cmake/stm32cubemx/CMakeFiles/STM32_Drivers.dir/__/__/Drivers/STM32F1xx_HAL_Driver/Src/stm32f1xx_hal_tim.c.obj
 .ARM.attributes
                0x000000a4       0x2d cmake/stm32cubemx/CMakeFiles/STM32_Drivers.dir/__/__/Drivers/STM32F1xx_HAL_Driver/Src/stm32f1xx_hal_tim_ex.c.obj
 .ARM.attributes
                0x000000d1       0x2d cmake/stm32cubemx/CMakeFiles/STM32_Drivers.dir/__/__/Drivers/STM32F1xx_HAL_Driver/Src/stm32f1xx_hal_adc.c.obj
 .ARM.attributes
                0x000000fe       0x2d cmake/stm32cubemx/CMakeFiles/STM32_Drivers.dir/__/__/Drivers/STM32F1xx_HAL_Driver/Src/stm32f1xx_hal_adc_ex.c.obj
 .ARM.attributes
                0x0000012b       0x2d cmake/stm32cubemx/CMakeFiles/STM32_Drivers.dir/__/__/Drivers/STM32F1xx_HAL_Driver/Src/stm32f1xx_hal.c.obj
 .ARM.attributes
                0x00000158       0x2d cmake/stm32cubemx/CMakeFiles/STM32_Drivers.dir/__/__/Drivers/STM32F1xx_HAL_Driver/Src/stm32f1xx_hal_rcc.c.obj
 .ARM.attributes
                0x00000185       0x2d cmake/stm32cubemx/CMakeFiles/STM32_Drivers.dir/__/__/Drivers/STM32F1xx_HAL_Driver/Src/stm32f1xx_hal_rcc_ex.c.obj
 .ARM.attributes
                0x000001b2       0x2d cmake/stm32cubemx/CMakeFiles/STM32_Drivers.dir/__/__/Drivers/STM32F1xx_HAL_Driver/Src/stm32f1xx_hal_gpio.c.obj
 .ARM.attributes
                0x000001df       0x2d cmake/stm32cubemx/CMakeFiles/STM32_Drivers.dir/__/__/Drivers/STM32F1xx_HAL_Driver/Src/stm32f1xx_hal_dma.c.obj
 .ARM.attributes
                0x0000020c       0x2d cmake/stm32cubemx/CMakeFiles/STM32_Drivers.dir/__/__/Drivers/STM32F1xx_HAL_Driver/Src/stm32f1xx_hal_cortex.c.obj
 .ARM.attributes
                0x00000239       0x2d cmake/stm32cubemx/CMakeFiles/STM32_Drivers.dir/__/__/Drivers/STM32F1xx_HAL_Driver/Src/stm32f1xx_hal_uart.c.obj
 .ARM.attributes
                0x00000266       0x2d cmake/stm32cubemx/CMakeFiles/FreeRTOS.dir/__/__/Middlewares/Third_Party/FreeRTOS/Source/list.c.obj
 .ARM.attributes
                0x00000293       0x2d cmake/stm32cubemx/CMakeFiles/FreeRTOS.dir/__/__/Middlewares/Third_Party/FreeRTOS/Source/queue.c.obj
 .ARM.attributes
                0x000002c0       0x2d cmake/stm32cubemx/CMakeFiles/FreeRTOS.dir/__/__/Middlewares/Third_Party/FreeRTOS/Source/tasks.c.obj
 .ARM.attributes
                0x000002ed       0x2d cmake/stm32cubemx/CMakeFiles/FreeRTOS.dir/__/__/Middlewares/Third_Party/FreeRTOS/Source/timers.c.obj
 .ARM.attributes
                0x0000031a       0x2d cmake/stm32cubemx/CMakeFiles/FreeRTOS.dir/__/__/Middlewares/Third_Party/FreeRTOS/Source/CMSIS_RTOS_V2/cmsis_os2.c.obj
 .ARM.attributes
                0x00000347       0x2d cmake/stm32cubemx/CMakeFiles/FreeRTOS.dir/__/__/Middlewares/Third_Party/FreeRTOS/Source/portable/MemMang/heap_4.c.obj
 .ARM.attributes
                0x00000374       0x2d cmake/stm32cubemx/CMakeFiles/FreeRTOS.dir/__/__/Middlewares/Third_Party/FreeRTOS/Source/portable/GCC/ARM_CM3/port.c.obj
 .ARM.attributes
                0x000003a1       0x2d CMakeFiles/Butterfly_Motor.dir/Core/Src/main.c.obj
 .ARM.attributes